#
# There is insufficient memory for the Java Runtime Environment to continue.
# Native memory allocation (malloc) failed to allocate 1408368 bytes. Error detail: Chunk::new
# Possible reasons:
#   The system is out of physical RAM or swap space
#   This process is running with CompressedOops enabled, and the Java Heap may be blocking the growth of the native heap
# Possible solutions:
#   Reduce memory load on the system
#   Increase physical memory or swap space
#   Check if swap backing store is full
#   Decrease Java heap size (-Xmx/-Xms)
#   Decrease number of Java threads
#   Decrease Java thread stack sizes (-Xss)
#   Set larger code cache with -XX:ReservedCodeCacheSize=
#   JVM is running with Unscaled Compressed Oops mode in which the Java heap is
#     placed in the first 4GB address space. The Java Heap base address is the
#     maximum limit for the native heap growth. Please use -XX:HeapBaseMinAddress
#     to set the Java Heap base and to place the Java Heap above 4GB virtual address.
# This output file may be truncated or incomplete.
#
#  Out of Memory Error (arena.cpp:168), pid=37576, tid=9820
#
# JRE version: OpenJDK Runtime Environment Temurin-21.0.8+9 (21.0.8+9) (build 21.0.8+9-LTS)
# Java VM: OpenJDK 64-Bit Server VM Temurin-21.0.8+9 (21.0.8+9-LTS, mixed mode, sharing, tiered, compressed oops, compressed class ptrs, parallel gc, windows-amd64)
# No core dump will be written. Minidumps are not enabled by default on client versions of Windows
#

---------------  S U M M A R Y ------------

Command Line: --add-modules=ALL-SYSTEM --add-opens=java.base/java.util=ALL-UNNAMED --add-opens=java.base/java.lang=ALL-UNNAMED --add-opens=java.base/sun.nio.fs=ALL-UNNAMED -Declipse.application=org.eclipse.jdt.ls.core.id1 -Dosgi.bundles.defaultStartLevel=4 -Declipse.product=org.eclipse.jdt.ls.core.product -Djava.import.generatesMetadataFilesAtProjectRoot=false -DDetectVMInstallationsJob.disabled=true -Dfile.encoding=utf8 -XX:+UseParallelGC -XX:GCTimeRatio=4 -XX:AdaptiveSizePolicyWeight=90 -Dsun.zip.disableMemoryMapping=true -Xmx2G -Xms100m -Xlog:disable -javaagent:c:\Users\s2-ru\.vscode\extensions\redhat.java-1.45.0-win32-x64\lombok\lombok-1.18.39-4050.jar -XX:+HeapDumpOnOutOfMemoryError -XX:HeapDumpPath=c:\Users\s2-ru\AppData\Roaming\Code\User\workspaceStorage\b1e36fc7d182abd2959ca145cc9838a0\redhat.java -Daether.dependencyCollector.impl=bf c:\Users\s2-ru\.vscode\extensions\redhat.java-1.45.0-win32-x64\server\plugins\org.eclipse.equinox.launcher_1.7.0.v20250519-0528.jar -configuration c:\Users\s2-ru\AppData\Roaming\Code\User\globalStorage\redhat.java\1.45.0\config_win -data c:\Users\s2-ru\AppData\Roaming\Code\User\workspaceStorage\b1e36fc7d182abd2959ca145cc9838a0\redhat.java\jdt_ws --pipe=\\.\pipe\lsp-7822ed4677655ed1e322d286201ac6b6-sock

Host: 12th Gen Intel(R) Core(TM) i5-1235U, 12 cores, 15G,  Windows 11 , 64 bit Build 26100 (10.0.26100.6725)
Time: Sun Oct  5 09:49:38 2025 elapsed time: 30.909546 seconds (0d 0h 0m 30s)

---------------  T H R E A D  ---------------

Current thread (0x0000022f048ef1c0):  JavaThread "C2 CompilerThread2" daemon [_thread_in_native, id=9820, stack(0x00000050d0a00000,0x00000050d0b00000) (1024K)]


Current CompileTask:
C2:30909 6313       4       java.lang.invoke.MethodType::makeImpl (109 bytes)

Stack: [0x00000050d0a00000,0x00000050d0b00000]
Native frames: (J=compiled Java code, j=interpreted, Vv=VM code, C=native code)
V  [jvm.dll+0x6d2449]
V  [jvm.dll+0x8ae341]
V  [jvm.dll+0x8b08be]
V  [jvm.dll+0x8b0fa3]
V  [jvm.dll+0x280c96]
V  [jvm.dll+0xc581d]
V  [jvm.dll+0xc5d53]
V  [jvm.dll+0x3b919c]
V  [jvm.dll+0x1e1409]
V  [jvm.dll+0x249022]
V  [jvm.dll+0x2484af]
V  [jvm.dll+0x1c89ee]
V  [jvm.dll+0x257d4d]
V  [jvm.dll+0x2562ea]
V  [jvm.dll+0x3f2d16]
V  [jvm.dll+0x857e6b]
V  [jvm.dll+0x6d0b0d]
C  [ucrtbase.dll+0x37b0]
C  [KERNEL32.DLL+0x2e8d7]
C  [ntdll.dll+0x8c53c]


---------------  P R O C E S S  ---------------

Threads class SMR info:
_java_thread_list=0x0000022f07859180, length=49, elements={
0x0000022f2477d2d0, 0x0000022f2472e280, 0x0000022f24822360, 0x0000022f24825170,
0x0000022f24826020, 0x0000022f24829bc0, 0x0000022f2482d600, 0x0000022f248365a0,
0x0000022f248373e0, 0x0000022f7d66ddb0, 0x0000022f7d8c88d0, 0x0000022f7eca5a40,
0x0000022f7e9e9230, 0x0000022f7e551570, 0x0000022f7ebb1390, 0x0000022f7ee91470,
0x0000022f7f10ad20, 0x0000022f7ed8a8b0, 0x0000022f7ed8af40, 0x0000022f7ed8c2f0,
0x0000022f7ed8b5d0, 0x0000022f7ed89500, 0x0000022f7ed89b90, 0x0000022f7f18cb10,
0x0000022f048ef1c0, 0x0000022f7ed8bc60, 0x0000022f7ed8c980, 0x0000022f0650fd20,
0x0000022f065110d0, 0x0000022f06512480, 0x0000022f06511760, 0x0000022f06510a40,
0x0000022f06511df0, 0x0000022f06512b10, 0x0000022f065103b0, 0x0000022f0650f690,
0x0000022f06515f90, 0x0000022f06515900, 0x0000022f06514550, 0x0000022f06514be0,
0x0000022f065131a0, 0x0000022f06516cb0, 0x0000022f06513830, 0x0000022f06513ec0,
0x0000022f06516620, 0x0000022f04989c50, 0x0000022f049895c0, 0x0000022f0498b000,
0x0000022f049888a0
}

Java Threads: ( => current thread )
  0x0000022f2477d2d0 JavaThread "main"                              [_thread_blocked, id=37608, stack(0x00000050ce500000,0x00000050ce600000) (1024K)]
  0x0000022f2472e280 JavaThread "Reference Handler"          daemon [_thread_blocked, id=37636, stack(0x00000050ce900000,0x00000050cea00000) (1024K)]
  0x0000022f24822360 JavaThread "Finalizer"                  daemon [_thread_blocked, id=37640, stack(0x00000050cea00000,0x00000050ceb00000) (1024K)]
  0x0000022f24825170 JavaThread "Signal Dispatcher"          daemon [_thread_blocked, id=37644, stack(0x00000050ceb00000,0x00000050cec00000) (1024K)]
  0x0000022f24826020 JavaThread "Attach Listener"            daemon [_thread_blocked, id=37648, stack(0x00000050cec00000,0x00000050ced00000) (1024K)]
  0x0000022f24829bc0 JavaThread "Service Thread"             daemon [_thread_blocked, id=37652, stack(0x00000050ced00000,0x00000050cee00000) (1024K)]
  0x0000022f2482d600 JavaThread "Monitor Deflation Thread"   daemon [_thread_blocked, id=37656, stack(0x00000050cee00000,0x00000050cef00000) (1024K)]
  0x0000022f248365a0 JavaThread "C2 CompilerThread0"         daemon [_thread_blocked, id=37660, stack(0x00000050cef00000,0x00000050cf000000) (1024K)]
  0x0000022f248373e0 JavaThread "C1 CompilerThread0"         daemon [_thread_blocked, id=37664, stack(0x00000050cf000000,0x00000050cf100000) (1024K)]
  0x0000022f7d66ddb0 JavaThread "Common-Cleaner"             daemon [_thread_blocked, id=37684, stack(0x00000050cf100000,0x00000050cf200000) (1024K)]
  0x0000022f7d8c88d0 JavaThread "Notification Thread"        daemon [_thread_blocked, id=37848, stack(0x00000050cf300000,0x00000050cf400000) (1024K)]
  0x0000022f7eca5a40 JavaThread "Active Thread: Equinox Container: 1f2e806d-f22d-481f-a575-ea421efac1b6"        [_thread_blocked, id=37180, stack(0x00000050cfa00000,0x00000050cfb00000) (1024K)]
  0x0000022f7e9e9230 JavaThread "Refresh Thread: Equinox Container: 1f2e806d-f22d-481f-a575-ea421efac1b6" daemon [_thread_blocked, id=17672, stack(0x00000050cf900000,0x00000050cfa00000) (1024K)]
  0x0000022f7e551570 JavaThread "Framework Event Dispatcher: Equinox Container: 1f2e806d-f22d-481f-a575-ea421efac1b6" daemon [_thread_blocked, id=16888, stack(0x00000050cfc00000,0x00000050cfd00000) (1024K)]
  0x0000022f7ebb1390 JavaThread "Start Level: Equinox Container: 1f2e806d-f22d-481f-a575-ea421efac1b6" daemon [_thread_blocked, id=30132, stack(0x00000050cfd00000,0x00000050cfe00000) (1024K)]
  0x0000022f7ee91470 JavaThread "Bundle File Closer"         daemon [_thread_blocked, id=31076, stack(0x00000050d0000000,0x00000050d0100000) (1024K)]
  0x0000022f7f10ad20 JavaThread "SCR Component Actor"        daemon [_thread_blocked, id=17268, stack(0x00000050d0100000,0x00000050d0200000) (1024K)]
  0x0000022f7ed8a8b0 JavaThread "Worker-JM"                         [_thread_blocked, id=36996, stack(0x00000050d0300000,0x00000050d0400000) (1024K)]
  0x0000022f7ed8af40 JavaThread "JNA Cleaner"                daemon [_thread_blocked, id=29044, stack(0x00000050d0400000,0x00000050d0500000) (1024K)]
  0x0000022f7ed8c2f0 JavaThread "Worker-0: Initialize Workspace"        [_thread_blocked, id=15976, stack(0x00000050d0500000,0x00000050d0600000) (1024K)]
  0x0000022f7ed8b5d0 JavaThread "Worker-1: Java indexing... "        [_thread_blocked, id=37716, stack(0x00000050d0600000,0x00000050d0700000) (1024K)]
  0x0000022f7ed89500 JavaThread "Worker-2"                          [_thread_blocked, id=17052, stack(0x00000050d0700000,0x00000050d0800000) (1024K)]
  0x0000022f7ed89b90 JavaThread "Worker-3"                          [_thread_blocked, id=35428, stack(0x00000050d0800000,0x00000050d0900000) (1024K)]
  0x0000022f7f18cb10 JavaThread "C2 CompilerThread1"         daemon [_thread_blocked, id=37480, stack(0x00000050d0900000,0x00000050d0a00000) (1024K)]
=>0x0000022f048ef1c0 JavaThread "C2 CompilerThread2"         daemon [_thread_in_native, id=9820, stack(0x00000050d0a00000,0x00000050d0b00000) (1024K)]
  0x0000022f7ed8bc60 JavaThread "Java indexing"              daemon [_thread_blocked, id=33308, stack(0x00000050d0200000,0x00000050d0300000) (1024K)]
  0x0000022f7ed8c980 JavaThread "Worker-4"                          [_thread_blocked, id=36048, stack(0x00000050d0e00000,0x00000050d0f00000) (1024K)]
  0x0000022f0650fd20 JavaThread "Worker-5: Synchronize Gradle projects with workspace"        [_thread_blocked, id=36488, stack(0x00000050d0f00000,0x00000050d1000000) (1024K)]
  0x0000022f065110d0 JavaThread "Thread-2"                   daemon [_thread_in_native, id=36668, stack(0x00000050d1000000,0x00000050d1100000) (1024K)]
  0x0000022f06512480 JavaThread "Thread-3"                   daemon [_thread_in_native, id=32168, stack(0x00000050d1100000,0x00000050d1200000) (1024K)]
  0x0000022f06511760 JavaThread "Thread-4"                   daemon [_thread_in_native, id=27360, stack(0x00000050d1200000,0x00000050d1300000) (1024K)]
  0x0000022f06510a40 JavaThread "Thread-5"                   daemon [_thread_in_native, id=27624, stack(0x00000050d1300000,0x00000050d1400000) (1024K)]
  0x0000022f06511df0 JavaThread "Thread-6"                   daemon [_thread_in_native, id=34228, stack(0x00000050d1400000,0x00000050d1500000) (1024K)]
  0x0000022f06512b10 JavaThread "Thread-7"                   daemon [_thread_in_native, id=34144, stack(0x00000050d1500000,0x00000050d1600000) (1024K)]
  0x0000022f065103b0 JavaThread "Thread-8"                   daemon [_thread_in_native, id=5552, stack(0x00000050d1600000,0x00000050d1700000) (1024K)]
  0x0000022f0650f690 JavaThread "Thread-9"                   daemon [_thread_in_native, id=36552, stack(0x00000050d1700000,0x00000050d1800000) (1024K)]
  0x0000022f06515f90 JavaThread "Thread-10"                  daemon [_thread_in_native, id=30172, stack(0x00000050d1800000,0x00000050d1900000) (1024K)]
  0x0000022f06515900 JavaThread "Thread-11"                  daemon [_thread_in_native, id=37696, stack(0x00000050d1900000,0x00000050d1a00000) (1024K)]
  0x0000022f06514550 JavaThread "Thread-12"                  daemon [_thread_in_native, id=37700, stack(0x00000050d1a00000,0x00000050d1b00000) (1024K)]
  0x0000022f06514be0 JavaThread "Thread-13"                  daemon [_thread_in_native, id=37740, stack(0x00000050d1b00000,0x00000050d1c00000) (1024K)]
  0x0000022f065131a0 JavaThread "Thread-14"                  daemon [_thread_in_native, id=25680, stack(0x00000050d1c00000,0x00000050d1d00000) (1024K)]
  0x0000022f06516cb0 JavaThread "Timer-0"                           [_thread_blocked, id=37276, stack(0x00000050d1d00000,0x00000050d1e00000) (1024K)]
  0x0000022f06513830 JavaThread "pool-2-thread-1"                   [_thread_blocked, id=27044, stack(0x00000050d1e00000,0x00000050d1f00000) (1024K)]
  0x0000022f06513ec0 JavaThread "Timer-1"                           [_thread_blocked, id=31440, stack(0x00000050d1f00000,0x00000050d2000000) (1024K)]
  0x0000022f06516620 JavaThread "Connection worker"                 [_thread_in_native, id=18640, stack(0x00000050d2000000,0x00000050d2100000) (1024K)]
  0x0000022f04989c50 JavaThread "WorkspaceEventsHandler"            [_thread_blocked, id=26700, stack(0x00000050d2100000,0x00000050d2200000) (1024K)]
  0x0000022f049895c0 JavaThread "pool-1-thread-1"                   [_thread_blocked, id=35512, stack(0x00000050d2200000,0x00000050d2300000) (1024K)]
  0x0000022f0498b000 JavaThread "Timer-2"                           [_thread_blocked, id=24088, stack(0x00000050d2300000,0x00000050d2400000) (1024K)]
  0x0000022f049888a0 JavaThread "Connection worker"                 [_thread_blocked, id=31404, stack(0x00000050d2400000,0x00000050d2500000) (1024K)]
Total: 49

Other Threads:
  0x0000022f2481e8c0 VMThread "VM Thread"                           [id=37632, stack(0x00000050ce800000,0x00000050ce900000) (1024K)]
  0x0000022f2460ca00 WatcherThread "VM Periodic Task Thread"        [id=37620, stack(0x00000050ce700000,0x00000050ce800000) (1024K)]
  0x0000022f2479cb20 WorkerThread "GC Thread#0"                     [id=37612, stack(0x00000050ce600000,0x00000050ce700000) (1024K)]
  0x0000022f7e97bf70 WorkerThread "GC Thread#1"                     [id=37204, stack(0x00000050cf200000,0x00000050cf300000) (1024K)]
  0x0000022f7ebe8600 WorkerThread "GC Thread#2"                     [id=37216, stack(0x00000050cf400000,0x00000050cf500000) (1024K)]
  0x0000022f7ebe89a0 WorkerThread "GC Thread#3"                     [id=37232, stack(0x00000050cf500000,0x00000050cf600000) (1024K)]
  0x0000022f7ebe8d40 WorkerThread "GC Thread#4"                     [id=37236, stack(0x00000050cf600000,0x00000050cf700000) (1024K)]
  0x0000022f7e8f0d20 WorkerThread "GC Thread#5"                     [id=37240, stack(0x00000050cf700000,0x00000050cf800000) (1024K)]
  0x0000022f7e8f10c0 WorkerThread "GC Thread#6"                     [id=37168, stack(0x00000050cf800000,0x00000050cf900000) (1024K)]
  0x0000022f7ea32b90 WorkerThread "GC Thread#7"                     [id=37248, stack(0x00000050cfb00000,0x00000050cfc00000) (1024K)]
  0x0000022f7d91a5c0 WorkerThread "GC Thread#8"                     [id=29244, stack(0x00000050cfe00000,0x00000050cff00000) (1024K)]
  0x0000022f7d919480 WorkerThread "GC Thread#9"                     [id=31476, stack(0x00000050cff00000,0x00000050d0000000) (1024K)]
Total: 12

Threads with active compile tasks:
C1 CompilerThread0  30950 6483       3       java.util.concurrent.ConcurrentLinkedQueue::offer (120 bytes)
C2 CompilerThread2  30950 6313       4       java.lang.invoke.MethodType::makeImpl (109 bytes)
Total: 2

VM state: not at safepoint (normal execution)

VM Mutex/Monitor currently owned by a thread: None

Heap address: 0x0000000080000000, size: 2048 MB, Compressed Oops mode: 32-bit

CDS archive(s) mapped at: [0x0000022f3c000000-0x0000022f3cba0000-0x0000022f3cba0000), size 12189696, SharedBaseAddress: 0x0000022f3c000000, ArchiveRelocationMode: 1.
Compressed class space mapped at: 0x0000022f3d000000-0x0000022f7d000000, reserved size: 1073741824
Narrow klass base: 0x0000022f3c000000, Narrow klass shift: 0, Narrow klass range: 0x100000000

GC Precious Log:
 CardTable entry size: 512
 CPUs: 12 total, 12 available
 Memory: 16055M
 Large Page Support: Disabled
 NUMA Support: Disabled
 Compressed Oops: Enabled (32-bit)
 Alignments: Space 512K, Generation 512K, Heap 2M
 Heap Min Capacity: 100M
 Heap Initial Capacity: 100M
 Heap Max Capacity: 2G
 Pre-touch: Disabled
 Parallel Workers: 10

Heap:
 PSYoungGen      total 20480K, used 13108K [0x00000000d5580000, 0x00000000d6e00000, 0x0000000100000000)
  eden space 18944K, 64% used [0x00000000d5580000,0x00000000d617bb98,0x00000000d6800000)
  from space 1536K, 54% used [0x00000000d6b80000,0x00000000d6c517e8,0x00000000d6d00000)
  to   space 1024K, 0% used [0x00000000d6d00000,0x00000000d6d00000,0x00000000d6e00000)
 ParOldGen       total 68608K, used 33278K [0x0000000080000000, 0x0000000084300000, 0x00000000d5580000)
  object space 68608K, 48% used [0x0000000080000000,0x000000008207fa20,0x0000000084300000)
 Metaspace       used 51952K, committed 53056K, reserved 1114112K
  class space    used 5927K, committed 6400K, reserved 1048576K

Card table byte_map: [0x0000022f24120000,0x0000022f24530000] _byte_map_base: 0x0000022f23d20000

Marking Bits: (ParMarkBitMap*) 0x00007ffa8148a340
 Begin Bits: [0x0000022f36c20000, 0x0000022f38c20000)
 End Bits:   [0x0000022f38c20000, 0x0000022f3ac20000)

Polling page: 0x0000022f22710000

Metaspace:

Usage:
  Non-class:     44.95 MB used.
      Class:      5.79 MB used.
       Both:     50.74 MB used.

Virtual space:
  Non-class space:       64.00 MB reserved,      45.56 MB ( 71%) committed,  1 nodes.
      Class space:        1.00 GB reserved,       6.25 MB ( <1%) committed,  1 nodes.
             Both:        1.06 GB reserved,      51.81 MB (  5%) committed. 

Chunk freelists:
   Non-Class:  2.25 MB
       Class:  9.64 MB
        Both:  11.89 MB

MaxMetaspaceSize: unlimited
CompressedClassSpaceSize: 1.00 GB
Initial GC threshold: 21.00 MB
Current GC threshold: 58.38 MB
CDS: on
 - commit_granule_bytes: 65536.
 - commit_granule_words: 8192.
 - virtual_space_node_default_size: 8388608.
 - enlarge_chunks_in_place: 1.
 - use_allocation_guard: 0.


Internal statistics:

num_allocs_failed_limit: 10.
num_arena_births: 824.
num_arena_deaths: 14.
num_vsnodes_births: 2.
num_vsnodes_deaths: 0.
num_space_committed: 829.
num_space_uncommitted: 0.
num_chunks_returned_to_freelist: 24.
num_chunks_taken_from_freelist: 3289.
num_chunk_merges: 16.
num_chunk_splits: 1964.
num_chunks_enlarged: 1017.
num_inconsistent_stats: 0.

CodeHeap 'non-profiled nmethods': size=120000Kb used=3504Kb max_used=3504Kb free=116495Kb
 bounds [0x0000022f2f440000, 0x0000022f2f7b0000, 0x0000022f36970000]
CodeHeap 'profiled nmethods': size=120000Kb used=12297Kb max_used=12297Kb free=107702Kb
 bounds [0x0000022f27970000, 0x0000022f28580000, 0x0000022f2eea0000]
CodeHeap 'non-nmethods': size=5760Kb used=1385Kb max_used=1443Kb free=4374Kb
 bounds [0x0000022f2eea0000, 0x0000022f2f110000, 0x0000022f2f440000]
CodeCache: size=245760Kb, used=17186Kb, max_used=17244Kb, free=228571Kb
 total_blobs=6580, nmethods=5892, adapters=594, full_count=0
Compilation: enabled, stopped_count=0, restarted_count=0

Compilation events (20 events):
Event: 30.824 Thread 0x0000022f248373e0 nmethod 6472 0x0000022f2856e910 code [0x0000022f2856eb00, 0x0000022f2856f028]
Event: 30.835 Thread 0x0000022f248365a0 6473       4       java.util.concurrent.ConcurrentHashMap$EntryIterator::next (5 bytes)
Event: 30.841 Thread 0x0000022f248365a0 nmethod 6473 0x0000022f2f7a9310 code [0x0000022f2f7a94c0, 0x0000022f2f7a97e0]
Event: 30.841 Thread 0x0000022f248365a0 6474       4       java.util.concurrent.ConcurrentHashMap$EntryIterator::next (51 bytes)
Event: 30.848 Thread 0x0000022f248373e0 6475       3       sun.util.ResourceBundleEnumeration::hasMoreElements (117 bytes)
Event: 30.848 Thread 0x0000022f248365a0 nmethod 6474 0x0000022f2f7a9a10 code [0x0000022f2f7a9bc0, 0x0000022f2f7a9ee0]
Event: 30.849 Thread 0x0000022f248373e0 nmethod 6475 0x0000022f2856f210 code [0x0000022f2856f440, 0x0000022f2856fe10]
Event: 30.849 Thread 0x0000022f248373e0 6479       3       org.eclipse.jdt.internal.compiler.util.HashtableOfInt::put (95 bytes)
Event: 30.849 Thread 0x0000022f248373e0 nmethod 6479 0x0000022f28570010 code [0x0000022f28570200, 0x0000022f285707f0]
Event: 30.850 Thread 0x0000022f248373e0 6476       3       sun.util.ResourceBundleEnumeration::nextElement (5 bytes)
Event: 30.850 Thread 0x0000022f248373e0 nmethod 6476 0x0000022f28570a10 code [0x0000022f28570be0, 0x0000022f28570eb8]
Event: 30.850 Thread 0x0000022f248373e0 6477       3       sun.util.ResourceBundleEnumeration::nextElement (27 bytes)
Event: 30.850 Thread 0x0000022f248373e0 nmethod 6477 0x0000022f28571010 code [0x0000022f285711e0, 0x0000022f28571460]
Event: 30.850 Thread 0x0000022f248373e0 6478       3       org.eclipse.jdt.internal.compiler.problem.DefaultProblemFactory::keyFromID (4 bytes)
Event: 30.850 Thread 0x0000022f248373e0 nmethod 6478 0x0000022f28571590 code [0x0000022f28571720, 0x0000022f28571810]
Event: 30.860 Thread 0x0000022f248373e0 6480   !   3       java.lang.Class::desiredAssertionStatus (54 bytes)
Event: 30.860 Thread 0x0000022f7f18cb10 nmethod 6471 0x0000022f2f7aa110 code [0x0000022f2f7aa360, 0x0000022f2f7ab578]
Event: 30.860 Thread 0x0000022f248373e0 nmethod 6480 0x0000022f28571890 code [0x0000022f28571aa0, 0x0000022f28571fb0]
Event: 30.873 Thread 0x0000022f248373e0 6481       1       org.eclipse.jdt.internal.compiler.parser.TerminalToken::tokenNumber (5 bytes)
Event: 30.874 Thread 0x0000022f248373e0 nmethod 6481 0x0000022f2f7ac010 code [0x0000022f2f7ac1a0, 0x0000022f2f7ac268]

GC Heap History (20 events):
Event: 27.446 GC heap before
{Heap before GC invocations=14 (full 1):
 PSYoungGen      total 23552K, used 17587K [0x00000000d5580000, 0x00000000d7100000, 0x0000000100000000)
  eden space 22016K, 73% used [0x00000000d5580000,0x00000000d6555310,0x00000000d6b00000)
  from space 1536K, 89% used [0x00000000d6f80000,0x00000000d70d7c40,0x00000000d7100000)
  to   space 1536K, 0% used [0x00000000d6e00000,0x00000000d6e00000,0x00000000d6f80000)
 ParOldGen       total 68608K, used 17258K [0x0000000080000000, 0x0000000084300000, 0x00000000d5580000)
  object space 68608K, 25% used [0x0000000080000000,0x00000000810da850,0x0000000084300000)
 Metaspace       used 34803K, committed 35840K, reserved 1114112K
  class space    used 3611K, committed 4096K, reserved 1048576K
}
Event: 27.448 GC heap after
{Heap after GC invocations=14 (full 1):
 PSYoungGen      total 23040K, used 987K [0x00000000d5580000, 0x00000000d7000000, 0x0000000100000000)
  eden space 22016K, 0% used [0x00000000d5580000,0x00000000d5580000,0x00000000d6b00000)
  from space 1024K, 96% used [0x00000000d6e00000,0x00000000d6ef6db8,0x00000000d6f00000)
  to   space 1024K, 0% used [0x00000000d6f00000,0x00000000d6f00000,0x00000000d7000000)
 ParOldGen       total 68608K, used 18323K [0x0000000080000000, 0x0000000084300000, 0x00000000d5580000)
  object space 68608K, 26% used [0x0000000080000000,0x00000000811e4f38,0x0000000084300000)
 Metaspace       used 34803K, committed 35840K, reserved 1114112K
  class space    used 3611K, committed 4096K, reserved 1048576K
}
Event: 27.448 GC heap before
{Heap before GC invocations=15 (full 2):
 PSYoungGen      total 23040K, used 987K [0x00000000d5580000, 0x00000000d7000000, 0x0000000100000000)
  eden space 22016K, 0% used [0x00000000d5580000,0x00000000d5580000,0x00000000d6b00000)
  from space 1024K, 96% used [0x00000000d6e00000,0x00000000d6ef6db8,0x00000000d6f00000)
  to   space 1024K, 0% used [0x00000000d6f00000,0x00000000d6f00000,0x00000000d7000000)
 ParOldGen       total 68608K, used 18323K [0x0000000080000000, 0x0000000084300000, 0x00000000d5580000)
  object space 68608K, 26% used [0x0000000080000000,0x00000000811e4f38,0x0000000084300000)
 Metaspace       used 34803K, committed 35840K, reserved 1114112K
  class space    used 3611K, committed 4096K, reserved 1048576K
}
Event: 27.484 GC heap after
{Heap after GC invocations=15 (full 2):
 PSYoungGen      total 23040K, used 0K [0x00000000d5580000, 0x00000000d7000000, 0x0000000100000000)
  eden space 22016K, 0% used [0x00000000d5580000,0x00000000d5580000,0x00000000d6b00000)
  from space 1024K, 0% used [0x00000000d6e00000,0x00000000d6e00000,0x00000000d6f00000)
  to   space 1024K, 0% used [0x00000000d6f00000,0x00000000d6f00000,0x00000000d7000000)
 ParOldGen       total 68608K, used 17573K [0x0000000080000000, 0x0000000084300000, 0x00000000d5580000)
  object space 68608K, 25% used [0x0000000080000000,0x0000000081129478,0x0000000084300000)
 Metaspace       used 34803K, committed 35840K, reserved 1114112K
  class space    used 3611K, committed 4096K, reserved 1048576K
}
Event: 28.077 GC heap before
{Heap before GC invocations=16 (full 2):
 PSYoungGen      total 23040K, used 22016K [0x00000000d5580000, 0x00000000d7000000, 0x0000000100000000)
  eden space 22016K, 100% used [0x00000000d5580000,0x00000000d6b00000,0x00000000d6b00000)
  from space 1024K, 0% used [0x00000000d6e00000,0x00000000d6e00000,0x00000000d6f00000)
  to   space 1024K, 0% used [0x00000000d6f00000,0x00000000d6f00000,0x00000000d7000000)
 ParOldGen       total 68608K, used 17573K [0x0000000080000000, 0x0000000084300000, 0x00000000d5580000)
  object space 68608K, 25% used [0x0000000080000000,0x0000000081129478,0x0000000084300000)
 Metaspace       used 37570K, committed 38720K, reserved 1114112K
  class space    used 3961K, committed 4416K, reserved 1048576K
}
Event: 28.078 GC heap after
{Heap after GC invocations=16 (full 2):
 PSYoungGen      total 23040K, used 992K [0x00000000d5580000, 0x00000000d7000000, 0x0000000100000000)
  eden space 22016K, 0% used [0x00000000d5580000,0x00000000d5580000,0x00000000d6b00000)
  from space 1024K, 96% used [0x00000000d6f00000,0x00000000d6ff81d0,0x00000000d7000000)
  to   space 1536K, 0% used [0x00000000d6d00000,0x00000000d6d00000,0x00000000d6e80000)
 ParOldGen       total 68608K, used 17938K [0x0000000080000000, 0x0000000084300000, 0x00000000d5580000)
  object space 68608K, 26% used [0x0000000080000000,0x00000000811849c0,0x0000000084300000)
 Metaspace       used 37570K, committed 38720K, reserved 1114112K
  class space    used 3961K, committed 4416K, reserved 1048576K
}
Event: 28.526 GC heap before
{Heap before GC invocations=17 (full 2):
 PSYoungGen      total 23040K, used 23008K [0x00000000d5580000, 0x00000000d7000000, 0x0000000100000000)
  eden space 22016K, 100% used [0x00000000d5580000,0x00000000d6b00000,0x00000000d6b00000)
  from space 1024K, 96% used [0x00000000d6f00000,0x00000000d6ff81d0,0x00000000d7000000)
  to   space 1536K, 0% used [0x00000000d6d00000,0x00000000d6d00000,0x00000000d6e80000)
 ParOldGen       total 68608K, used 17938K [0x0000000080000000, 0x0000000084300000, 0x00000000d5580000)
  object space 68608K, 26% used [0x0000000080000000,0x00000000811849c0,0x0000000084300000)
 Metaspace       used 40011K, committed 41216K, reserved 1114112K
  class space    used 4315K, committed 4800K, reserved 1048576K
}
Event: 28.528 GC heap after
{Heap after GC invocations=17 (full 2):
 PSYoungGen      total 23552K, used 1536K [0x00000000d5580000, 0x00000000d7100000, 0x0000000100000000)
  eden space 22016K, 0% used [0x00000000d5580000,0x00000000d5580000,0x00000000d6b00000)
  from space 1536K, 100% used [0x00000000d6d00000,0x00000000d6e80000,0x00000000d6e80000)
  to   space 2560K, 0% used [0x00000000d6e80000,0x00000000d6e80000,0x00000000d7100000)
 ParOldGen       total 68608K, used 19174K [0x0000000080000000, 0x0000000084300000, 0x00000000d5580000)
  object space 68608K, 27% used [0x0000000080000000,0x00000000812b9b80,0x0000000084300000)
 Metaspace       used 40011K, committed 41216K, reserved 1114112K
  class space    used 4315K, committed 4800K, reserved 1048576K
}
Event: 28.788 GC heap before
{Heap before GC invocations=18 (full 2):
 PSYoungGen      total 23552K, used 23544K [0x00000000d5580000, 0x00000000d7100000, 0x0000000100000000)
  eden space 22016K, 99% used [0x00000000d5580000,0x00000000d6afe080,0x00000000d6b00000)
  from space 1536K, 100% used [0x00000000d6d00000,0x00000000d6e80000,0x00000000d6e80000)
  to   space 2560K, 0% used [0x00000000d6e80000,0x00000000d6e80000,0x00000000d7100000)
 ParOldGen       total 68608K, used 19174K [0x0000000080000000, 0x0000000084300000, 0x00000000d5580000)
  object space 68608K, 27% used [0x0000000080000000,0x00000000812b9b80,0x0000000084300000)
 Metaspace       used 42581K, committed 43840K, reserved 1114112K
  class space    used 4678K, committed 5184K, reserved 1048576K
}
Event: 28.791 GC heap after
{Heap after GC invocations=18 (full 2):
 PSYoungGen      total 23552K, used 1088K [0x00000000d5580000, 0x00000000d7000000, 0x0000000100000000)
  eden space 22016K, 0% used [0x00000000d5580000,0x00000000d5580000,0x00000000d6b00000)
  from space 1536K, 70% used [0x00000000d6e80000,0x00000000d6f90000,0x00000000d7000000)
  to   space 2048K, 0% used [0x00000000d6c00000,0x00000000d6c00000,0x00000000d6e00000)
 ParOldGen       total 68608K, used 20694K [0x0000000080000000, 0x0000000084300000, 0x00000000d5580000)
  object space 68608K, 30% used [0x0000000080000000,0x0000000081435880,0x0000000084300000)
 Metaspace       used 42581K, committed 43840K, reserved 1114112K
  class space    used 4678K, committed 5184K, reserved 1048576K
}
Event: 29.328 GC heap before
{Heap before GC invocations=19 (full 2):
 PSYoungGen      total 23552K, used 23104K [0x00000000d5580000, 0x00000000d7000000, 0x0000000100000000)
  eden space 22016K, 100% used [0x00000000d5580000,0x00000000d6b00000,0x00000000d6b00000)
  from space 1536K, 70% used [0x00000000d6e80000,0x00000000d6f90000,0x00000000d7000000)
  to   space 2048K, 0% used [0x00000000d6c00000,0x00000000d6c00000,0x00000000d6e00000)
 ParOldGen       total 68608K, used 20694K [0x0000000080000000, 0x0000000084300000, 0x00000000d5580000)
  object space 68608K, 30% used [0x0000000080000000,0x0000000081435880,0x0000000084300000)
 Metaspace       used 44615K, committed 45888K, reserved 1114112K
  class space    used 4965K, committed 5504K, reserved 1048576K
}
Event: 29.332 GC heap after
{Heap after GC invocations=19 (full 2):
 PSYoungGen      total 24064K, used 2027K [0x00000000d5580000, 0x00000000d7700000, 0x0000000100000000)
  eden space 22016K, 0% used [0x00000000d5580000,0x00000000d5580000,0x00000000d6b00000)
  from space 2048K, 98% used [0x00000000d6c00000,0x00000000d6dfac38,0x00000000d6e00000)
  to   space 6144K, 0% used [0x00000000d7100000,0x00000000d7100000,0x00000000d7700000)
 ParOldGen       total 68608K, used 23828K [0x0000000080000000, 0x0000000084300000, 0x00000000d5580000)
  object space 68608K, 34% used [0x0000000080000000,0x00000000817451a8,0x0000000084300000)
 Metaspace       used 44615K, committed 45888K, reserved 1114112K
  class space    used 4965K, committed 5504K, reserved 1048576K
}
Event: 29.724 GC heap before
{Heap before GC invocations=20 (full 2):
 PSYoungGen      total 24064K, used 24043K [0x00000000d5580000, 0x00000000d7700000, 0x0000000100000000)
  eden space 22016K, 100% used [0x00000000d5580000,0x00000000d6b00000,0x00000000d6b00000)
  from space 2048K, 98% used [0x00000000d6c00000,0x00000000d6dfac38,0x00000000d6e00000)
  to   space 6144K, 0% used [0x00000000d7100000,0x00000000d7100000,0x00000000d7700000)
 ParOldGen       total 68608K, used 23828K [0x0000000080000000, 0x0000000084300000, 0x00000000d5580000)
  object space 68608K, 34% used [0x0000000080000000,0x00000000817451a8,0x0000000084300000)
 Metaspace       used 46439K, committed 47680K, reserved 1114112K
  class space    used 5223K, committed 5760K, reserved 1048576K
}
Event: 29.728 GC heap after
{Heap after GC invocations=20 (full 2):
 PSYoungGen      total 25088K, used 6139K [0x00000000d5580000, 0x00000000d7d00000, 0x0000000100000000)
  eden space 18944K, 0% used [0x00000000d5580000,0x00000000d5580000,0x00000000d6800000)
  from space 6144K, 99% used [0x00000000d7100000,0x00000000d76fed30,0x00000000d7700000)
  to   space 9216K, 0% used [0x00000000d6800000,0x00000000d6800000,0x00000000d7100000)
 ParOldGen       total 68608K, used 25857K [0x0000000080000000, 0x0000000084300000, 0x00000000d5580000)
  object space 68608K, 37% used [0x0000000080000000,0x0000000081940658,0x0000000084300000)
 Metaspace       used 46439K, committed 47680K, reserved 1114112K
  class space    used 5223K, committed 5760K, reserved 1048576K
}
Event: 30.116 GC heap before
{Heap before GC invocations=21 (full 2):
 PSYoungGen      total 25088K, used 25083K [0x00000000d5580000, 0x00000000d7d00000, 0x0000000100000000)
  eden space 18944K, 100% used [0x00000000d5580000,0x00000000d6800000,0x00000000d6800000)
  from space 6144K, 99% used [0x00000000d7100000,0x00000000d76fed30,0x00000000d7700000)
  to   space 9216K, 0% used [0x00000000d6800000,0x00000000d6800000,0x00000000d7100000)
 ParOldGen       total 68608K, used 25857K [0x0000000080000000, 0x0000000084300000, 0x00000000d5580000)
  object space 68608K, 37% used [0x0000000080000000,0x0000000081940658,0x0000000084300000)
 Metaspace       used 48207K, committed 49408K, reserved 1114112K
  class space    used 5503K, committed 6016K, reserved 1048576K
}
Event: 30.120 GC heap after
{Heap after GC invocations=21 (full 2):
 PSYoungGen      total 19968K, used 992K [0x00000000d5580000, 0x00000000d7180000, 0x0000000100000000)
  eden space 18944K, 0% used [0x00000000d5580000,0x00000000d5580000,0x00000000d6800000)
  from space 1024K, 96% used [0x00000000d6800000,0x00000000d68f8000,0x00000000d6900000)
  to   space 4096K, 0% used [0x00000000d6d80000,0x00000000d6d80000,0x00000000d7180000)
 ParOldGen       total 68608K, used 31830K [0x0000000080000000, 0x0000000084300000, 0x00000000d5580000)
  object space 68608K, 46% used [0x0000000080000000,0x0000000081f15b48,0x0000000084300000)
 Metaspace       used 48207K, committed 49408K, reserved 1114112K
  class space    used 5503K, committed 6016K, reserved 1048576K
}
Event: 30.395 GC heap before
{Heap before GC invocations=22 (full 2):
 PSYoungGen      total 19968K, used 19936K [0x00000000d5580000, 0x00000000d7180000, 0x0000000100000000)
  eden space 18944K, 100% used [0x00000000d5580000,0x00000000d6800000,0x00000000d6800000)
  from space 1024K, 96% used [0x00000000d6800000,0x00000000d68f8000,0x00000000d6900000)
  to   space 4096K, 0% used [0x00000000d6d80000,0x00000000d6d80000,0x00000000d7180000)
 ParOldGen       total 68608K, used 31830K [0x0000000080000000, 0x0000000084300000, 0x00000000d5580000)
  object space 68608K, 46% used [0x0000000080000000,0x0000000081f15b48,0x0000000084300000)
 Metaspace       used 49992K, committed 51200K, reserved 1114112K
  class space    used 5715K, committed 6208K, reserved 1048576K
}
Event: 30.398 GC heap after
{Heap after GC invocations=22 (full 2):
 PSYoungGen      total 19968K, used 880K [0x00000000d5580000, 0x00000000d6e80000, 0x0000000100000000)
  eden space 18944K, 0% used [0x00000000d5580000,0x00000000d5580000,0x00000000d6800000)
  from space 1024K, 85% used [0x00000000d6d80000,0x00000000d6e5c010,0x00000000d6e80000)
  to   space 1536K, 0% used [0x00000000d6b80000,0x00000000d6b80000,0x00000000d6d00000)
 ParOldGen       total 68608K, used 32669K [0x0000000080000000, 0x0000000084300000, 0x00000000d5580000)
  object space 68608K, 47% used [0x0000000080000000,0x0000000081fe7590,0x0000000084300000)
 Metaspace       used 49992K, committed 51200K, reserved 1114112K
  class space    used 5715K, committed 6208K, reserved 1048576K
}
Event: 30.660 GC heap before
{Heap before GC invocations=23 (full 2):
 PSYoungGen      total 19968K, used 19776K [0x00000000d5580000, 0x00000000d6e80000, 0x0000000100000000)
  eden space 18944K, 99% used [0x00000000d5580000,0x00000000d67f40c8,0x00000000d6800000)
  from space 1024K, 85% used [0x00000000d6d80000,0x00000000d6e5c010,0x00000000d6e80000)
  to   space 1536K, 0% used [0x00000000d6b80000,0x00000000d6b80000,0x00000000d6d00000)
 ParOldGen       total 68608K, used 32669K [0x0000000080000000, 0x0000000084300000, 0x00000000d5580000)
  object space 68608K, 47% used [0x0000000080000000,0x0000000081fe7590,0x0000000084300000)
 Metaspace       used 51434K, committed 52544K, reserved 1114112K
  class space    used 5877K, committed 6336K, reserved 1048576K
}
Event: 30.662 GC heap after
{Heap after GC invocations=23 (full 2):
 PSYoungGen      total 20480K, used 837K [0x00000000d5580000, 0x00000000d6e00000, 0x0000000100000000)
  eden space 18944K, 0% used [0x00000000d5580000,0x00000000d5580000,0x00000000d6800000)
  from space 1536K, 54% used [0x00000000d6b80000,0x00000000d6c517e8,0x00000000d6d00000)
  to   space 1024K, 0% used [0x00000000d6d00000,0x00000000d6d00000,0x00000000d6e00000)
 ParOldGen       total 68608K, used 33278K [0x0000000080000000, 0x0000000084300000, 0x00000000d5580000)
  object space 68608K, 48% used [0x0000000080000000,0x000000008207fa20,0x0000000084300000)
 Metaspace       used 51434K, committed 52544K, reserved 1114112K
  class space    used 5877K, committed 6336K, reserved 1048576K
}

Dll operation events (11 events):
Event: 0.029 Loaded shared library c:\Users\s2-ru\.vscode\extensions\redhat.java-1.45.0-win32-x64\jre\21.0.8-win32-x86_64\bin\java.dll
Event: 0.082 Loaded shared library c:\Users\s2-ru\.vscode\extensions\redhat.java-1.45.0-win32-x64\jre\21.0.8-win32-x86_64\bin\zip.dll
Event: 0.211 Loaded shared library C:\Users\s2-ru\.vscode\extensions\redhat.java-1.45.0-win32-x64\jre\21.0.8-win32-x86_64\bin\instrument.dll
Event: 0.222 Loaded shared library C:\Users\s2-ru\.vscode\extensions\redhat.java-1.45.0-win32-x64\jre\21.0.8-win32-x86_64\bin\net.dll
Event: 0.233 Loaded shared library C:\Users\s2-ru\.vscode\extensions\redhat.java-1.45.0-win32-x64\jre\21.0.8-win32-x86_64\bin\nio.dll
Event: 0.238 Loaded shared library C:\Users\s2-ru\.vscode\extensions\redhat.java-1.45.0-win32-x64\jre\21.0.8-win32-x86_64\bin\zip.dll
Event: 0.265 Loaded shared library C:\Users\s2-ru\.vscode\extensions\redhat.java-1.45.0-win32-x64\jre\21.0.8-win32-x86_64\bin\jimage.dll
Event: 0.419 Loaded shared library c:\Users\s2-ru\.vscode\extensions\redhat.java-1.45.0-win32-x64\jre\21.0.8-win32-x86_64\bin\verify.dll
Event: 9.008 Loaded shared library C:\Users\s2-ru\AppData\Roaming\Code\User\globalStorage\redhat.java\1.45.0\config_win\org.eclipse.equinox.launcher\org.eclipse.equinox.launcher.win32.win32.x86_64_1.2.1400.v20250801-0854\eclipse_11916.dll
Event: 20.091 Loaded shared library C:\Users\s2-ru\AppData\Local\Temp\jna-107741361\jna450263906460879872.dll
Event: 29.983 Loaded shared library C:\Users\s2-ru\.gradle\native\c067742578af261105cb4f569cf0c3c89f3d7b1fecec35dd04571415982c5e48\windows-amd64\native-platform.dll

Deoptimization events (20 events):
Event: 30.816 Thread 0x0000022f7ed8bc60 DEOPT PACKING pc=0x0000022f2f53e778 sp=0x00000050d02fe320
Event: 30.816 Thread 0x0000022f7ed8bc60 DEOPT UNPACKING pc=0x0000022f2eef3aa2 sp=0x00000050d02fe2b0 mode 2
Event: 30.819 Thread 0x0000022f7ed8bc60 DEOPT PACKING pc=0x0000022f2856da26 sp=0x00000050d02fe2c0
Event: 30.819 Thread 0x0000022f7ed8bc60 DEOPT UNPACKING pc=0x0000022f2eef4242 sp=0x00000050d02fd7b0 mode 0
Event: 30.820 Thread 0x0000022f7ed8bc60 DEOPT PACKING pc=0x0000022f2856daaa sp=0x00000050d02fe2c0
Event: 30.820 Thread 0x0000022f7ed8bc60 DEOPT UNPACKING pc=0x0000022f2eef4242 sp=0x00000050d02fd7b0 mode 0
Event: 30.822 Thread 0x0000022f7ed8bc60 DEOPT PACKING pc=0x0000022f2856da26 sp=0x00000050d02fe2c0
Event: 30.822 Thread 0x0000022f7ed8bc60 DEOPT UNPACKING pc=0x0000022f2eef4242 sp=0x00000050d02fd7b0 mode 0
Event: 30.823 Thread 0x0000022f7ed8bc60 DEOPT PACKING pc=0x0000022f2856da26 sp=0x00000050d02fe2c0
Event: 30.823 Thread 0x0000022f7ed8bc60 DEOPT UNPACKING pc=0x0000022f2eef4242 sp=0x00000050d02fd7b0 mode 0
Event: 30.823 Thread 0x0000022f7ed8bc60 DEOPT PACKING pc=0x0000022f2856da26 sp=0x00000050d02fe2c0
Event: 30.823 Thread 0x0000022f7ed8bc60 DEOPT UNPACKING pc=0x0000022f2eef4242 sp=0x00000050d02fd7b0 mode 0
Event: 30.824 Thread 0x0000022f7ed8bc60 DEOPT PACKING pc=0x0000022f2856da26 sp=0x00000050d02fe2c0
Event: 30.824 Thread 0x0000022f7ed8bc60 DEOPT UNPACKING pc=0x0000022f2eef4242 sp=0x00000050d02fd7b0 mode 0
Event: 30.824 Thread 0x0000022f7ed8bc60 DEOPT PACKING pc=0x0000022f2856da26 sp=0x00000050d02fe2c0
Event: 30.824 Thread 0x0000022f7ed8bc60 DEOPT UNPACKING pc=0x0000022f2eef4242 sp=0x00000050d02fd7b0 mode 0
Event: 30.825 Thread 0x0000022f7ed8bc60 DEOPT PACKING pc=0x0000022f2856da26 sp=0x00000050d02fe2c0
Event: 30.825 Thread 0x0000022f7ed8bc60 DEOPT UNPACKING pc=0x0000022f2eef4242 sp=0x00000050d02fd7b0 mode 0
Event: 30.825 Thread 0x0000022f7ed8bc60 DEOPT PACKING pc=0x0000022f2856da26 sp=0x00000050d02fe2c0
Event: 30.825 Thread 0x0000022f7ed8bc60 DEOPT UNPACKING pc=0x0000022f2eef4242 sp=0x00000050d02fd7b0 mode 0

Classes loaded (20 events):
Event: 30.552 Loading class java/nio/file/FileTreeWalker$1
Event: 30.552 Loading class java/nio/file/FileTreeWalker$1 done
Event: 30.558 Loading class java/nio/file/FileTreeWalker$DirectoryNode
Event: 30.558 Loading class java/nio/file/FileTreeWalker$DirectoryNode done
Event: 30.558 Loading class java/nio/file/FileTreeWalker$Event
Event: 30.558 Loading class java/nio/file/FileTreeWalker$Event done
Event: 30.558 Loading class java/nio/file/FileTreeWalker$EventType
Event: 30.558 Loading class java/nio/file/FileTreeWalker$EventType done
Event: 30.558 Loading class java/nio/file/Files$3
Event: 30.558 Loading class java/nio/file/Files$3 done
Event: 30.559 Loading class sun/nio/fs/Globs
Event: 30.560 Loading class sun/nio/fs/Globs done
Event: 30.560 Loading class java/util/regex/Pattern$SliceU
Event: 30.561 Loading class java/util/regex/Pattern$SliceU done
Event: 30.561 Loading class sun/nio/fs/WindowsFileSystem$2
Event: 30.561 Loading class java/nio/file/PathMatcher
Event: 30.561 Loading class java/nio/file/PathMatcher done
Event: 30.561 Loading class sun/nio/fs/WindowsFileSystem$2 done
Event: 30.563 Loading class java/nio/file/FileVisitResult
Event: 30.564 Loading class java/nio/file/FileVisitResult done

Classes unloaded (7 events):
Event: 21.286 Thread 0x0000022f2481e8c0 Unloading class 0x0000022f3d1aa400 'java/lang/invoke/LambdaForm$MH+0x0000022f3d1aa400'
Event: 21.286 Thread 0x0000022f2481e8c0 Unloading class 0x0000022f3d1aa000 'java/lang/invoke/LambdaForm$MH+0x0000022f3d1aa000'
Event: 21.286 Thread 0x0000022f2481e8c0 Unloading class 0x0000022f3d1a9c00 'java/lang/invoke/LambdaForm$MH+0x0000022f3d1a9c00'
Event: 21.286 Thread 0x0000022f2481e8c0 Unloading class 0x0000022f3d1a9800 'java/lang/invoke/LambdaForm$MH+0x0000022f3d1a9800'
Event: 21.286 Thread 0x0000022f2481e8c0 Unloading class 0x0000022f3d1a9400 'java/lang/invoke/LambdaForm$BMH+0x0000022f3d1a9400'
Event: 21.286 Thread 0x0000022f2481e8c0 Unloading class 0x0000022f3d1a9000 'java/lang/invoke/LambdaForm$DMH+0x0000022f3d1a9000'
Event: 21.286 Thread 0x0000022f2481e8c0 Unloading class 0x0000022f3d1a8000 'java/lang/invoke/LambdaForm$DMH+0x0000022f3d1a8000'

Classes redefined (0 events):
No events

Internal exceptions (20 events):
Event: 30.581 Thread 0x0000022f7ed8c2f0 Exception <a 'sun/nio/fs/WindowsException'{0x00000000d63e1950}> (0x00000000d63e1950) 
thrown [s\src\hotspot\share\prims\jni.cpp, line 520]
Event: 30.581 Thread 0x0000022f7ed8c2f0 Exception <a 'sun/nio/fs/WindowsException'{0x00000000d63e1fd0}> (0x00000000d63e1fd0) 
thrown [s\src\hotspot\share\prims\jni.cpp, line 520]
Event: 30.581 Thread 0x0000022f7ed8c2f0 Exception <a 'sun/nio/fs/WindowsException'{0x00000000d63e2650}> (0x00000000d63e2650) 
thrown [s\src\hotspot\share\prims\jni.cpp, line 520]
Event: 30.581 Thread 0x0000022f7ed8c2f0 Exception <a 'sun/nio/fs/WindowsException'{0x00000000d63e2ce8}> (0x00000000d63e2ce8) 
thrown [s\src\hotspot\share\prims\jni.cpp, line 520]
Event: 30.583 Thread 0x0000022f7ed8c2f0 Exception <a 'sun/nio/fs/WindowsException'{0x00000000d640d298}> (0x00000000d640d298) 
thrown [s\src\hotspot\share\prims\jni.cpp, line 520]
Event: 30.583 Thread 0x0000022f7ed8c2f0 Exception <a 'sun/nio/fs/WindowsException'{0x00000000d640d8c8}> (0x00000000d640d8c8) 
thrown [s\src\hotspot\share\prims\jni.cpp, line 520]
Event: 30.583 Thread 0x0000022f7ed8c2f0 Exception <a 'sun/nio/fs/WindowsException'{0x00000000d640def8}> (0x00000000d640def8) 
thrown [s\src\hotspot\share\prims\jni.cpp, line 520]
Event: 30.583 Thread 0x0000022f7ed8c2f0 Exception <a 'sun/nio/fs/WindowsException'{0x00000000d640e548}> (0x00000000d640e548) 
thrown [s\src\hotspot\share\prims\jni.cpp, line 520]
Event: 30.584 Thread 0x0000022f7ed8c2f0 Exception <a 'sun/nio/fs/WindowsException'{0x00000000d64384d8}> (0x00000000d64384d8) 
thrown [s\src\hotspot\share\prims\jni.cpp, line 520]
Event: 30.584 Thread 0x0000022f7ed8c2f0 Exception <a 'sun/nio/fs/WindowsException'{0x00000000d6438b08}> (0x00000000d6438b08) 
thrown [s\src\hotspot\share\prims\jni.cpp, line 520]
Event: 30.584 Thread 0x0000022f7ed8c2f0 Exception <a 'sun/nio/fs/WindowsException'{0x00000000d6439138}> (0x00000000d6439138) 
thrown [s\src\hotspot\share\prims\jni.cpp, line 520]
Event: 30.584 Thread 0x0000022f7ed8c2f0 Exception <a 'sun/nio/fs/WindowsException'{0x00000000d6439788}> (0x00000000d6439788) 
thrown [s\src\hotspot\share\prims\jni.cpp, line 520]
Event: 30.593 Thread 0x0000022f7ed8c2f0 Exception <a 'sun/nio/fs/WindowsException'{0x00000000d64e4c00}> (0x00000000d64e4c00) 
thrown [s\src\hotspot\share\prims\jni.cpp, line 520]
Event: 30.593 Thread 0x0000022f7ed8c2f0 Exception <a 'sun/nio/fs/WindowsException'{0x00000000d64e5230}> (0x00000000d64e5230) 
thrown [s\src\hotspot\share\prims\jni.cpp, line 520]
Event: 30.593 Thread 0x0000022f7ed8c2f0 Exception <a 'sun/nio/fs/WindowsException'{0x00000000d64e5860}> (0x00000000d64e5860) 
thrown [s\src\hotspot\share\prims\jni.cpp, line 520]
Event: 30.593 Thread 0x0000022f7ed8c2f0 Exception <a 'sun/nio/fs/WindowsException'{0x00000000d64e5eb0}> (0x00000000d64e5eb0) 
thrown [s\src\hotspot\share\prims\jni.cpp, line 520]
Event: 30.594 Thread 0x0000022f7ed8c2f0 Exception <a 'sun/nio/fs/WindowsException'{0x00000000d650fdd8}> (0x00000000d650fdd8) 
thrown [s\src\hotspot\share\prims\jni.cpp, line 520]
Event: 30.594 Thread 0x0000022f7ed8c2f0 Exception <a 'sun/nio/fs/WindowsException'{0x00000000d6510408}> (0x00000000d6510408) 
thrown [s\src\hotspot\share\prims\jni.cpp, line 520]
Event: 30.594 Thread 0x0000022f7ed8c2f0 Exception <a 'sun/nio/fs/WindowsException'{0x00000000d6510a38}> (0x00000000d6510a38) 
thrown [s\src\hotspot\share\prims\jni.cpp, line 520]
Event: 30.594 Thread 0x0000022f7ed8c2f0 Exception <a 'sun/nio/fs/WindowsException'{0x00000000d6511088}> (0x00000000d6511088) 
thrown [s\src\hotspot\share\prims\jni.cpp, line 520]

ZGC Phase Switch (0 events):
No events

VM Operations (20 events):
Event: 28.788 Executing VM operation: ParallelGCFailedAllocation (Allocation Failure)
Event: 28.791 Executing VM operation: ParallelGCFailedAllocation (Allocation Failure) done
Event: 28.888 Executing VM operation: HandshakeAllThreads (Deoptimize)
Event: 28.889 Executing VM operation: HandshakeAllThreads (Deoptimize) done
Event: 28.952 Executing VM operation: HandshakeAllThreads (Deoptimize)
Event: 28.952 Executing VM operation: HandshakeAllThreads (Deoptimize) done
Event: 29.328 Executing VM operation: ParallelGCFailedAllocation (Allocation Failure)
Event: 29.332 Executing VM operation: ParallelGCFailedAllocation (Allocation Failure) done
Event: 29.599 Executing VM operation: HandshakeAllThreads (Deoptimize)
Event: 29.599 Executing VM operation: HandshakeAllThreads (Deoptimize) done
Event: 29.724 Executing VM operation: ParallelGCFailedAllocation (Allocation Failure)
Event: 29.728 Executing VM operation: ParallelGCFailedAllocation (Allocation Failure) done
Event: 30.115 Executing VM operation: ParallelGCFailedAllocation (Allocation Failure)
Event: 30.120 Executing VM operation: ParallelGCFailedAllocation (Allocation Failure) done
Event: 30.244 Executing VM operation: HandshakeAllThreads (Deoptimize)
Event: 30.244 Executing VM operation: HandshakeAllThreads (Deoptimize) done
Event: 30.394 Executing VM operation: ParallelGCFailedAllocation (Allocation Failure)
Event: 30.398 Executing VM operation: ParallelGCFailedAllocation (Allocation Failure) done
Event: 30.659 Executing VM operation: ParallelGCFailedAllocation (Allocation Failure)
Event: 30.662 Executing VM operation: ParallelGCFailedAllocation (Allocation Failure) done

Memory protections (0 events):
No events

Nmethod flushes (20 events):
Event: 27.469 Thread 0x0000022f2481e8c0 flushing  nmethod 0x0000022f27fe4010
Event: 27.469 Thread 0x0000022f2481e8c0 flushing  nmethod 0x0000022f28000290
Event: 27.469 Thread 0x0000022f2481e8c0 flushing  nmethod 0x0000022f28029590
Event: 27.469 Thread 0x0000022f2481e8c0 flushing  nmethod 0x0000022f28029990
Event: 27.469 Thread 0x0000022f2481e8c0 flushing  nmethod 0x0000022f2802a290
Event: 27.469 Thread 0x0000022f2481e8c0 flushing  nmethod 0x0000022f2802b490
Event: 27.469 Thread 0x0000022f2481e8c0 flushing  nmethod 0x0000022f2802bc90
Event: 27.469 Thread 0x0000022f2481e8c0 flushing  nmethod 0x0000022f2802d990
Event: 27.469 Thread 0x0000022f2481e8c0 flushing  nmethod 0x0000022f2802de90
Event: 27.469 Thread 0x0000022f2481e8c0 flushing  nmethod 0x0000022f2802ee10
Event: 27.469 Thread 0x0000022f2481e8c0 flushing  nmethod 0x0000022f28030310
Event: 27.469 Thread 0x0000022f2481e8c0 flushing  nmethod 0x0000022f28030d10
Event: 27.469 Thread 0x0000022f2481e8c0 flushing  nmethod 0x0000022f28031690
Event: 27.469 Thread 0x0000022f2481e8c0 flushing  nmethod 0x0000022f28031e90
Event: 27.469 Thread 0x0000022f2481e8c0 flushing  nmethod 0x0000022f2807c910
Event: 27.469 Thread 0x0000022f2481e8c0 flushing  nmethod 0x0000022f28081d10
Event: 27.469 Thread 0x0000022f2481e8c0 flushing  nmethod 0x0000022f28082f10
Event: 27.469 Thread 0x0000022f2481e8c0 flushing  nmethod 0x0000022f2808a090
Event: 27.469 Thread 0x0000022f2481e8c0 flushing  nmethod 0x0000022f280ce010
Event: 27.469 Thread 0x0000022f2481e8c0 flushing  nmethod 0x0000022f280f5210

Events (20 events):
Event: 27.997 Thread 0x0000022f2477d2d0 Thread added: 0x0000022f06512480
Event: 27.997 Thread 0x0000022f2477d2d0 Thread added: 0x0000022f06511760
Event: 27.997 Thread 0x0000022f2477d2d0 Thread added: 0x0000022f06510a40
Event: 27.997 Thread 0x0000022f2477d2d0 Thread added: 0x0000022f06511df0
Event: 27.998 Thread 0x0000022f2477d2d0 Thread added: 0x0000022f06512b10
Event: 27.998 Thread 0x0000022f2477d2d0 Thread added: 0x0000022f065103b0
Event: 27.998 Thread 0x0000022f2477d2d0 Thread added: 0x0000022f0650f690
Event: 27.998 Thread 0x0000022f2477d2d0 Thread added: 0x0000022f06515f90
Event: 27.998 Thread 0x0000022f2477d2d0 Thread added: 0x0000022f06515900
Event: 27.998 Thread 0x0000022f2477d2d0 Thread added: 0x0000022f06514550
Event: 27.999 Thread 0x0000022f2477d2d0 Thread added: 0x0000022f06514be0
Event: 27.999 Thread 0x0000022f2477d2d0 Thread added: 0x0000022f065131a0
Event: 28.146 Thread 0x0000022f0650fd20 Thread added: 0x0000022f06516cb0
Event: 28.159 Thread 0x0000022f2477d2d0 Thread added: 0x0000022f06513830
Event: 28.230 Thread 0x0000022f0650fd20 Thread added: 0x0000022f06513ec0
Event: 28.698 Thread 0x0000022f0650fd20 Thread added: 0x0000022f06516620
Event: 28.764 Thread 0x0000022f2477d2d0 Thread added: 0x0000022f04989c50
Event: 28.765 Thread 0x0000022f2477d2d0 Thread added: 0x0000022f049895c0
Event: 30.720 Thread 0x0000022f7ed8c2f0 Thread added: 0x0000022f0498b000
Event: 30.723 Thread 0x0000022f7ed8c2f0 Thread added: 0x0000022f049888a0


Dynamic libraries:
0x00007ff715a50000 - 0x00007ff715a5e000 	c:\Users\s2-ru\.vscode\extensions\redhat.java-1.45.0-win32-x64\jre\21.0.8-win32-x86_64\bin\java.exe
0x00007ffb43d60000 - 0x00007ffb43fc8000 	C:\WINDOWS\SYSTEM32\ntdll.dll
0x00007ffb42720000 - 0x00007ffb427e9000 	C:\WINDOWS\System32\KERNEL32.DLL
0x00007ffb41090000 - 0x00007ffb41482000 	C:\WINDOWS\System32\KERNELBASE.dll
0x00007ffb41530000 - 0x00007ffb4167b000 	C:\WINDOWS\System32\ucrtbase.dll
0x00007ffaf2b70000 - 0x00007ffaf2b88000 	c:\Users\s2-ru\.vscode\extensions\redhat.java-1.45.0-win32-x64\jre\21.0.8-win32-x86_64\bin\jli.dll
0x00007ffaf5570000 - 0x00007ffaf558e000 	c:\Users\s2-ru\.vscode\extensions\redhat.java-1.45.0-win32-x64\jre\21.0.8-win32-x86_64\bin\VCRUNTIME140.dll
0x00007ffb43470000 - 0x00007ffb43635000 	C:\WINDOWS\System32\USER32.dll
0x00007ffb29d70000 - 0x00007ffb2a003000 	C:\WINDOWS\WinSxS\amd64_microsoft.windows.common-controls_6595b64144ccf1df_6.0.26100.6725_none_3e085828e334708b\COMCTL32.dll
0x00007ffb40ef0000 - 0x00007ffb40f17000 	C:\WINDOWS\System32\win32u.dll
0x00007ffb42300000 - 0x00007ffb4232b000 	C:\WINDOWS\System32\GDI32.dll
0x00007ffb439c0000 - 0x00007ffb43a69000 	C:\WINDOWS\System32\msvcrt.dll
0x00007ffb41940000 - 0x00007ffb41a6d000 	C:\WINDOWS\System32\gdi32full.dll
0x00007ffb41890000 - 0x00007ffb41933000 	C:\WINDOWS\System32\msvcp_win.dll
0x00007ffb41bd0000 - 0x00007ffb41bff000 	C:\WINDOWS\System32\IMM32.DLL
0x00007ffb2a0c0000 - 0x00007ffb2a0cc000 	c:\Users\s2-ru\.vscode\extensions\redhat.java-1.45.0-win32-x64\jre\21.0.8-win32-x86_64\bin\vcruntime140_1.dll
0x00007ffadb090000 - 0x00007ffadb11d000 	c:\Users\s2-ru\.vscode\extensions\redhat.java-1.45.0-win32-x64\jre\21.0.8-win32-x86_64\bin\msvcp140.dll
0x00007ffa807d0000 - 0x00007ffa81567000 	c:\Users\s2-ru\.vscode\extensions\redhat.java-1.45.0-win32-x64\jre\21.0.8-win32-x86_64\bin\server\jvm.dll
0x00007ffb42f40000 - 0x00007ffb42ff4000 	C:\WINDOWS\System32\ADVAPI32.dll
0x00007ffb433c0000 - 0x00007ffb43466000 	C:\WINDOWS\System32\sechost.dll
0x00007ffb42600000 - 0x00007ffb42718000 	C:\WINDOWS\System32\RPCRT4.dll
0x00007ffb43bb0000 - 0x00007ffb43c24000 	C:\WINDOWS\System32\WS2_32.dll
0x00007ffb40d50000 - 0x00007ffb40dae000 	C:\WINDOWS\SYSTEM32\POWRPROF.dll
0x00007ffb3a0d0000 - 0x00007ffb3a105000 	C:\WINDOWS\SYSTEM32\WINMM.dll
0x00007ffb3f810000 - 0x00007ffb3f81b000 	C:\WINDOWS\SYSTEM32\VERSION.dll
0x00007ffb40d30000 - 0x00007ffb40d44000 	C:\WINDOWS\SYSTEM32\UMPDC.dll
0x00007ffb3fc80000 - 0x00007ffb3fc9b000 	C:\WINDOWS\SYSTEM32\kernel.appcore.dll
0x00007ffb1d1f0000 - 0x00007ffb1d1fa000 	c:\Users\s2-ru\.vscode\extensions\redhat.java-1.45.0-win32-x64\jre\21.0.8-win32-x86_64\bin\jimage.dll
0x00007ffb3e490000 - 0x00007ffb3e6d2000 	C:\WINDOWS\SYSTEM32\DBGHELP.DLL
0x00007ffb43640000 - 0x00007ffb439bb000 	C:\WINDOWS\System32\combase.dll
0x00007ffb42520000 - 0x00007ffb425f7000 	C:\WINDOWS\System32\OLEAUT32.dll
0x00007ffb241c0000 - 0x00007ffb241fc000 	C:\WINDOWS\SYSTEM32\dbgcore.DLL
0x00007ffb41490000 - 0x00007ffb41528000 	C:\WINDOWS\System32\bcryptPrimitives.dll
0x00007ffb1cf80000 - 0x00007ffb1cf8f000 	c:\Users\s2-ru\.vscode\extensions\redhat.java-1.45.0-win32-x64\jre\21.0.8-win32-x86_64\bin\instrument.dll
0x00007ffadc440000 - 0x00007ffadc45f000 	c:\Users\s2-ru\.vscode\extensions\redhat.java-1.45.0-win32-x64\jre\21.0.8-win32-x86_64\bin\java.dll
0x00007ffb427f0000 - 0x00007ffb42f3c000 	C:\WINDOWS\System32\SHELL32.dll
0x00007ffb40f20000 - 0x00007ffb4108b000 	C:\WINDOWS\System32\wintypes.dll
0x00007ffb3e870000 - 0x00007ffb3f0cd000 	C:\WINDOWS\SYSTEM32\windows.storage.dll
0x00007ffb43aa0000 - 0x00007ffb43b92000 	C:\WINDOWS\System32\SHCORE.dll
0x00007ffb41db0000 - 0x00007ffb41e12000 	C:\WINDOWS\System32\shlwapi.dll
0x00007ffb40e10000 - 0x00007ffb40e39000 	C:\WINDOWS\SYSTEM32\profapi.dll
0x00007ffaf2b50000 - 0x00007ffaf2b68000 	c:\Users\s2-ru\.vscode\extensions\redhat.java-1.45.0-win32-x64\jre\21.0.8-win32-x86_64\bin\zip.dll
0x00007ffb1cf20000 - 0x00007ffb1cf30000 	C:\Users\s2-ru\.vscode\extensions\redhat.java-1.45.0-win32-x64\jre\21.0.8-win32-x86_64\bin\net.dll
0x00007ffb3aa50000 - 0x00007ffb3ab6f000 	C:\WINDOWS\SYSTEM32\WINHTTP.dll
0x00007ffb401d0000 - 0x00007ffb4023b000 	C:\WINDOWS\system32\mswsock.dll
0x00007ffadc220000 - 0x00007ffadc236000 	C:\Users\s2-ru\.vscode\extensions\redhat.java-1.45.0-win32-x64\jre\21.0.8-win32-x86_64\bin\nio.dll
0x00007ffb1ce00000 - 0x00007ffb1ce10000 	c:\Users\s2-ru\.vscode\extensions\redhat.java-1.45.0-win32-x64\jre\21.0.8-win32-x86_64\bin\verify.dll
0x00007ffad99b0000 - 0x00007ffad99f4000 	C:\Users\s2-ru\AppData\Roaming\Code\User\globalStorage\redhat.java\1.45.0\config_win\org.eclipse.equinox.launcher\org.eclipse.equinox.launcher.win32.win32.x86_64_1.2.1400.v20250801-0854\eclipse_11916.dll
0x00007ffb430c0000 - 0x00007ffb43258000 	C:\WINDOWS\System32\ole32.dll
0x00007ffb405b0000 - 0x00007ffb405cb000 	C:\WINDOWS\SYSTEM32\CRYPTSP.dll
0x00007ffb3fbe0000 - 0x00007ffb3fc1b000 	C:\WINDOWS\system32\rsaenh.dll
0x00007ffb40270000 - 0x00007ffb4029b000 	C:\WINDOWS\SYSTEM32\USERENV.dll
0x00007ffb40de0000 - 0x00007ffb40e06000 	C:\WINDOWS\SYSTEM32\bcrypt.dll
0x00007ffb40410000 - 0x00007ffb4041c000 	C:\WINDOWS\SYSTEM32\CRYPTBASE.dll
0x00007ffb3f3c0000 - 0x00007ffb3f3f4000 	C:\WINDOWS\SYSTEM32\IPHLPAPI.DLL
0x00007ffb41b40000 - 0x00007ffb41b4a000 	C:\WINDOWS\System32\NSI.dll
0x00007ffada560000 - 0x00007ffada5a9000 	C:\Users\s2-ru\AppData\Local\Temp\jna-107741361\jna450263906460879872.dll
0x00007ffb41b30000 - 0x00007ffb41b38000 	C:\WINDOWS\System32\PSAPI.DLL
0x00007ffb3b3a0000 - 0x00007ffb3b3be000 	C:\WINDOWS\SYSTEM32\dhcpcsvc6.DLL
0x00007ffb3b370000 - 0x00007ffb3b393000 	C:\WINDOWS\SYSTEM32\dhcpcsvc.DLL
0x00007ffb0dba0000 - 0x00007ffb0dbc7000 	C:\Users\s2-ru\.gradle\native\c067742578af261105cb4f569cf0c3c89f3d7b1fecec35dd04571415982c5e48\windows-amd64\native-platform.dll

JVMTI agents:
c:\Users\s2-ru\.vscode\extensions\redhat.java-1.45.0-win32-x64\lombok\lombok-1.18.39-4050.jar path:c:\Users\s2-ru\.vscode\extensions\redhat.java-1.45.0-win32-x64\jre\21.0.8-win32-x86_64\bin\instrument.dll, loaded, initialized, instrumentlib options:none

dbghelp: loaded successfully - version: 4.0.5 - missing functions: none
symbol engine: initialized successfully - sym options: 0x614 - pdb path: .;c:\Users\s2-ru\.vscode\extensions\redhat.java-1.45.0-win32-x64\jre\21.0.8-win32-x86_64\bin;C:\WINDOWS\SYSTEM32;C:\WINDOWS\WinSxS\amd64_microsoft.windows.common-controls_6595b64144ccf1df_6.0.26100.6725_none_3e085828e334708b;c:\Users\s2-ru\.vscode\extensions\redhat.java-1.45.0-win32-x64\jre\21.0.8-win32-x86_64\bin\server;C:\Users\s2-ru\AppData\Roaming\Code\User\globalStorage\redhat.java\1.45.0\config_win\org.eclipse.equinox.launcher\org.eclipse.equinox.launcher.win32.win32.x86_64_1.2.1400.v20250801-0854;C:\Users\s2-ru\AppData\Local\Temp\jna-107741361;C:\Users\s2-ru\.gradle\native\c067742578af261105cb4f569cf0c3c89f3d7b1fecec35dd04571415982c5e48\windows-amd64

VM Arguments:
jvm_args: --add-modules=ALL-SYSTEM --add-opens=java.base/java.util=ALL-UNNAMED --add-opens=java.base/java.lang=ALL-UNNAMED --add-opens=java.base/sun.nio.fs=ALL-UNNAMED -Declipse.application=org.eclipse.jdt.ls.core.id1 -Dosgi.bundles.defaultStartLevel=4 -Declipse.product=org.eclipse.jdt.ls.core.product -Djava.import.generatesMetadataFilesAtProjectRoot=false -DDetectVMInstallationsJob.disabled=true -Dfile.encoding=utf8 -XX:+UseParallelGC -XX:GCTimeRatio=4 -XX:AdaptiveSizePolicyWeight=90 -Dsun.zip.disableMemoryMapping=true -Xmx2G -Xms100m -Xlog:disable -javaagent:c:\Users\s2-ru\.vscode\extensions\redhat.java-1.45.0-win32-x64\lombok\lombok-1.18.39-4050.jar -XX:+HeapDumpOnOutOfMemoryError -XX:HeapDumpPath=c:\Users\s2-ru\AppData\Roaming\Code\User\workspaceStorage\b1e36fc7d182abd2959ca145cc9838a0\redhat.java -Daether.dependencyCollector.impl=bf 
java_command: c:\Users\s2-ru\.vscode\extensions\redhat.java-1.45.0-win32-x64\server\plugins\org.eclipse.equinox.launcher_1.7.0.v20250519-0528.jar -configuration c:\Users\s2-ru\AppData\Roaming\Code\User\globalStorage\redhat.java\1.45.0\config_win -data c:\Users\s2-ru\AppData\Roaming\Code\User\workspaceStorage\b1e36fc7d182abd2959ca145cc9838a0\redhat.java\jdt_ws --pipe=\\.\pipe\lsp-7822ed4677655ed1e322d286201ac6b6-sock
java_class_path (initial): c:\Users\s2-ru\.vscode\extensions\redhat.java-1.45.0-win32-x64\server\plugins\org.eclipse.equinox.launcher_1.7.0.v20250519-0528.jar
Launcher Type: SUN_STANDARD

[Global flags]
    uintx AdaptiveSizePolicyWeight                 = 90                                        {product} {command line}
     intx CICompilerCount                          = 4                                         {product} {ergonomic}
    uintx GCTimeRatio                              = 4                                         {product} {command line}
     bool HeapDumpOnOutOfMemoryError               = true                                   {manageable} {command line}
    ccstr HeapDumpPath                             = c:\Users\s2-ru\AppData\Roaming\Code\User\workspaceStorage\b1e36fc7d182abd2959ca145cc9838a0\redhat.java         {manageable} {command line}
   size_t InitialHeapSize                          = 104857600                                 {product} {command line}
   size_t MaxHeapSize                              = 2147483648                                {product} {command line}
   size_t MaxNewSize                               = 715653120                                 {product} {ergonomic}
   size_t MinHeapDeltaBytes                        = 524288                                    {product} {ergonomic}
   size_t MinHeapSize                              = 104857600                                 {product} {command line}
   size_t NewSize                                  = 34603008                                  {product} {ergonomic}
    uintx NonNMethodCodeHeapSize                   = 5839372                                {pd product} {ergonomic}
    uintx NonProfiledCodeHeapSize                  = 122909434                              {pd product} {ergonomic}
   size_t OldSize                                  = 70254592                                  {product} {ergonomic}
    uintx ProfiledCodeHeapSize                     = 122909434                              {pd product} {ergonomic}
    uintx ReservedCodeCacheSize                    = 251658240                              {pd product} {ergonomic}
     bool SegmentedCodeCache                       = true                                      {product} {ergonomic}
   size_t SoftMaxHeapSize                          = 2147483648                             {manageable} {ergonomic}
     bool UseCompressedOops                        = true                           {product lp64_product} {ergonomic}
     bool UseLargePagesIndividualAllocation        = false                                  {pd product} {ergonomic}
     bool UseParallelGC                            = true                                      {product} {command line}

Logging:
Log output configuration:
 #0: stdout all=off uptime,level,tags foldmultilines=false
 #1: stderr all=off uptime,level,tags foldmultilines=false

Environment Variables:
JAVA_HOME=C:\Program Files\Java\jdk-21
PATH=C:\Python312\Scripts\;C:\Python312\;C:\MinGW\bin;C:\WINDOWS\system32;C:\WINDOWS;C:\WINDOWS\System32\Wbem;C:\WINDOWS\System32\WindowsPowerShell\v1.0\;C:\WINDOWS\System32\OpenSSH\;C:\Program Files (x86)\Symantec\VIP Access Client\;C:\MinGW\bin;C:\texlive\2023\bin;C:\texlive\2023\bin\windows;C:\Program Files\Microsoft SQL Server\150\Tools\Binn\;C:\Program Files\Microsoft SQL Server\Client SDK\ODBC\170\Tools\Binn\;C:\Program Files\dotnet\;C:\Program Files\nodejs\;C:\ProgramData\chocolatey\bin;C:\Program Files (x86)\SMLNJ\bin\;C:\Program Files\PowerShell\7\;C:\Program Files\Git\cmd;C:\Program Files\Java\jdk-21\bin;C:\Users\s2-ru\AppData\Local\Microsoft\WindowsApps;C:\Users\s2-ru\AppData\Local\Programs\Microsoft VS Code\bin;C:\Users\s2-ru\.dotnet\tools;C:\Program Files\MySQL\MySQL Server 8.3\bin\;C:\Users\s2-ru\AppData\Roaming\npm;C:\Program Files\heroku\bin;C:\texlive\2024\bin\windows;C:\flutter\bin;C:\msys64\ucrt64\bin;
USERNAME=s2-ru
OS=Windows_NT
PROCESSOR_IDENTIFIER=Intel64 Family 6 Model 154 Stepping 4, GenuineIntel
TMP=C:\Users\s2-ru\AppData\Local\Temp
TEMP=C:\Users\s2-ru\AppData\Local\Temp




Periodic native trim disabled

---------------  S Y S T E M  ---------------

OS:
 Windows 11 , 64 bit Build 26100 (10.0.26100.6725)
OS uptime: 4 days 23:58 hours
Hyper-V role detected

CPU: total 12 (initial active 12) (6 cores per cpu, 2 threads per core) family 6 model 154 stepping 4 microcode 0x423, cx8, cmov, fxsr, ht, mmx, 3dnowpref, sse, sse2, sse3, ssse3, sse4.1, sse4.2, popcnt, lzcnt, tsc, tscinvbit, avx, avx2, aes, erms, clmul, bmi1, bmi2, adx, sha, fma, vzeroupper, clflush, clflushopt, clwb, hv, serialize, rdtscp, rdpid, fsrm, f16c, cet_ibt, cet_ss
Processor Information for the first 12 processors :
  Max Mhz: 1300, Current Mhz: 1300, Mhz Limit: 1300

Memory: 4k page, system-wide physical 16055M (585M free)
TotalPageFile size 28162M (AvailPageFile size 25M)
current process WorkingSet (physical memory assigned to process): 247M, peak: 254M
current process commit charge ("private bytes"): 369M, peak: 381M

vm_info: OpenJDK 64-Bit Server VM (21.0.8+9-LTS) for windows-amd64 JRE (21.0.8+9-LTS), built on 2025-07-15T00:00:00Z by "admin" with MS VC++ 17.7 (VS2022)

END.
