#
# There is insufficient memory for the Java Runtime Environment to continue.
# Native memory allocation (malloc) failed to allocate 1048576 bytes. Error detail: AllocateHeap
# Possible reasons:
#   The system is out of physical RAM or swap space
#   This process is running with CompressedOops enabled, and the Java Heap may be blocking the growth of the native heap
# Possible solutions:
#   Reduce memory load on the system
#   Increase physical memory or swap space
#   Check if swap backing store is full
#   Decrease Java heap size (-Xmx/-Xms)
#   Decrease number of Java threads
#   Decrease Java thread stack sizes (-Xss)
#   Set larger code cache with -XX:ReservedCodeCacheSize=
#   JVM is running with Unscaled Compressed Oops mode in which the Java heap is
#     placed in the first 4GB address space. The Java Heap base address is the
#     maximum limit for the native heap growth. Please use -XX:HeapBaseMinAddress
#     to set the Java Heap base and to place the Java Heap above 4GB virtual address.
# This output file may be truncated or incomplete.
#
#  Out of Memory Error (allocation.cpp:44), pid=31164, tid=31988
#
# JRE version: OpenJDK Runtime Environment Temurin-21.0.8+9 (21.0.8+9) (build 21.0.8+9-LTS)
# Java VM: OpenJDK 64-Bit Server VM Temurin-21.0.8+9 (21.0.8+9-LTS, mixed mode, sharing, tiered, compressed oops, compressed class ptrs, parallel gc, windows-amd64)
# No core dump will be written. Minidumps are not enabled by default on client versions of Windows
#

---------------  S U M M A R Y ------------

Command Line: --add-modules=ALL-SYSTEM --add-opens=java.base/java.util=ALL-UNNAMED --add-opens=java.base/java.lang=ALL-UNNAMED --add-opens=java.base/sun.nio.fs=ALL-UNNAMED -Declipse.application=org.eclipse.jdt.ls.core.id1 -Dosgi.bundles.defaultStartLevel=4 -Declipse.product=org.eclipse.jdt.ls.core.product -Djava.import.generatesMetadataFilesAtProjectRoot=false -DDetectVMInstallationsJob.disabled=true -Dfile.encoding=utf8 -XX:+UseParallelGC -XX:GCTimeRatio=4 -XX:AdaptiveSizePolicyWeight=90 -Dsun.zip.disableMemoryMapping=true -Xmx2G -Xms100m -Xlog:disable -javaagent:c:\Users\s2-ru\.vscode\extensions\redhat.java-1.45.0-win32-x64\lombok\lombok-1.18.39-4050.jar -XX:+HeapDumpOnOutOfMemoryError -XX:HeapDumpPath=c:\Users\s2-ru\AppData\Roaming\Code\User\workspaceStorage\b1e36fc7d182abd2959ca145cc9838a0\redhat.java -Daether.dependencyCollector.impl=bf c:\Users\s2-ru\.vscode\extensions\redhat.java-1.45.0-win32-x64\server\plugins\org.eclipse.equinox.launcher_1.7.0.v20250519-0528.jar -configuration c:\Users\s2-ru\AppData\Roaming\Code\User\globalStorage\redhat.java\1.45.0\config_win -data c:\Users\s2-ru\AppData\Roaming\Code\User\workspaceStorage\b1e36fc7d182abd2959ca145cc9838a0\redhat.java\jdt_ws --pipe=\\.\pipe\lsp-4d52c32eaeeea4be828133e35df2e110-sock

Host: 12th Gen Intel(R) Core(TM) i5-1235U, 12 cores, 15G,  Windows 11 , 64 bit Build 26100 (10.0.26100.6725)
Time: Sun Oct  5 09:49:07 2025 elapsed time: 34837.438285 seconds (0d 9h 40m 37s)

---------------  T H R E A D  ---------------

Current thread (0x000001681f4f9f50):  JavaThread "Attach Listener" daemon [_thread_in_vm, id=31988, stack(0x0000003b80500000,0x0000003b80600000) (1024K)]

Stack: [0x0000003b80500000,0x0000003b80600000]
Native frames: (J=compiled Java code, j=interpreted, Vv=VM code, C=native code)
V  [jvm.dll+0x6d2449]
V  [jvm.dll+0x8ae341]
V  [jvm.dll+0x8b08be]
V  [jvm.dll+0x8b0fa3]
V  [jvm.dll+0x280c96]
V  [jvm.dll+0xc0347]
V  [jvm.dll+0x6d2cf9]
V  [jvm.dll+0x131116]
V  [jvm.dll+0x3f2d16]
V  [jvm.dll+0x857e6b]
V  [jvm.dll+0x6d0b0d]
C  [ucrtbase.dll+0x37b0]
C  [KERNEL32.DLL+0x2e8d7]
C  [ntdll.dll+0x8c53c]


---------------  P R O C E S S  ---------------

Threads class SMR info:
_java_thread_list=0x0000016801888db0, length=46, elements={
0x000001681f44eac0, 0x0000016835ee7ea0, 0x000001681f4f7b80, 0x000001681f4f9300,
0x000001681f4f9f50, 0x000001681f4faba0, 0x000001681f4fda00, 0x000001681f4fe780,
0x0000016878269fd0, 0x000001681f4ba890, 0x0000016878598360, 0x00000168797a30b0,
0x0000016879805030, 0x0000016879888b90, 0x0000016879898ac0, 0x000001687e644670,
0x00000168795be8d0, 0x000001687e269bd0, 0x000001687e268190, 0x000001687e26a8f0,
0x000001687e26af80, 0x000001687e7f9480, 0x000001687e7f9b10, 0x000001687e7fa830,
0x000001687e7fa1a0, 0x000001687e7faec0, 0x000001687e7f7a40, 0x000001687e7fb550,
0x000001687e7f80d0, 0x000001687e7fe340, 0x000001687e7fe9d0, 0x000001687e7fc900,
0x000001687e7ff060, 0x000001687e7fc270, 0x000001687e7fcf90, 0x000001687e7fbbe0,
0x000001687e7fdcb0, 0x000001687fd62b40, 0x000001687fd63860, 0x000001687fd63ef0,
0x000001687fd64580, 0x000001687fd61100, 0x000001687e268eb0, 0x000001687fd64c10,
0x000001687fd66650, 0x000001680ced7c60
}

Java Threads: ( => current thread )
  0x000001681f44eac0 JavaThread "main"                              [_thread_blocked, id=33668, stack(0x0000003bffe00000,0x0000003bfff00000) (1024K)]
  0x0000016835ee7ea0 JavaThread "Reference Handler"          daemon [_thread_blocked, id=27816, stack(0x0000003b80200000,0x0000003b80300000) (1024K)]
  0x000001681f4f7b80 JavaThread "Finalizer"                  daemon [_thread_blocked, id=18900, stack(0x0000003b80300000,0x0000003b80400000) (1024K)]
  0x000001681f4f9300 JavaThread "Signal Dispatcher"          daemon [_thread_blocked, id=11952, stack(0x0000003b80400000,0x0000003b80500000) (1024K)]
=>0x000001681f4f9f50 JavaThread "Attach Listener"            daemon [_thread_in_vm, id=31988, stack(0x0000003b80500000,0x0000003b80600000) (1024K)]
  0x000001681f4faba0 JavaThread "Service Thread"             daemon [_thread_blocked, id=25816, stack(0x0000003b80600000,0x0000003b80700000) (1024K)]
  0x000001681f4fda00 JavaThread "Monitor Deflation Thread"   daemon [_thread_blocked, id=33636, stack(0x0000003b80700000,0x0000003b80800000) (1024K)]
  0x000001681f4fe780 JavaThread "C2 CompilerThread0"         daemon [_thread_blocked, id=20436, stack(0x0000003b80800000,0x0000003b80900000) (1024K)]
  0x0000016878269fd0 JavaThread "C1 CompilerThread0"         daemon [_thread_blocked, id=35072, stack(0x0000003b80900000,0x0000003b80a00000) (1024K)]
  0x000001681f4ba890 JavaThread "Common-Cleaner"             daemon [_thread_blocked, id=36444, stack(0x0000003b80a00000,0x0000003b80b00000) (1024K)]
  0x0000016878598360 JavaThread "Notification Thread"        daemon [_thread_blocked, id=17732, stack(0x0000003b80c00000,0x0000003b80d00000) (1024K)]
  0x00000168797a30b0 JavaThread "Active Thread: Equinox Container: 3b99da27-8d56-4a7e-b85e-0a7db723ecb0"        [_thread_blocked, id=28812, stack(0x0000003b81400000,0x0000003b81500000) (1024K)]
  0x0000016879805030 JavaThread "Refresh Thread: Equinox Container: 3b99da27-8d56-4a7e-b85e-0a7db723ecb0" daemon [_thread_blocked, id=7836, stack(0x0000003b81600000,0x0000003b81700000) (1024K)]
  0x0000016879888b90 JavaThread "Framework Event Dispatcher: Equinox Container: 3b99da27-8d56-4a7e-b85e-0a7db723ecb0" daemon [_thread_blocked, id=30940, stack(0x0000003b81700000,0x0000003b81800000) (1024K)]
  0x0000016879898ac0 JavaThread "Start Level: Equinox Container: 3b99da27-8d56-4a7e-b85e-0a7db723ecb0" daemon [_thread_blocked, id=26228, stack(0x0000003b81800000,0x0000003b81900000) (1024K)]
  0x000001687e644670 JavaThread "Bundle File Closer"         daemon [_thread_blocked, id=36476, stack(0x0000003b81b00000,0x0000003b81c00000) (1024K)]
  0x00000168795be8d0 JavaThread "SCR Component Actor"        daemon [_thread_blocked, id=10832, stack(0x0000003b80b00000,0x0000003b80c00000) (1024K)]
  0x000001687e269bd0 JavaThread "Worker-JM"                         [_thread_blocked, id=16104, stack(0x0000003b81d00000,0x0000003b81e00000) (1024K)]
  0x000001687e268190 JavaThread "Java indexing"              daemon [_thread_blocked, id=35372, stack(0x0000003b82100000,0x0000003b82200000) (1024K)]
  0x000001687e26a8f0 JavaThread "Worker-3"                          [_thread_blocked, id=8308, stack(0x0000003b82000000,0x0000003b82100000) (1024K)]
  0x000001687e26af80 JavaThread "JNA Cleaner"                daemon [_thread_blocked, id=1912, stack(0x0000003b82200000,0x0000003b82300000) (1024K)]
  0x000001687e7f9480 JavaThread "Thread-2"                   daemon [_thread_in_native, id=8068, stack(0x0000003b82900000,0x0000003b82a00000) (1024K)]
  0x000001687e7f9b10 JavaThread "Thread-3"                   daemon [_thread_in_native, id=34288, stack(0x0000003b82a00000,0x0000003b82b00000) (1024K)]
  0x000001687e7fa830 JavaThread "Thread-4"                   daemon [_thread_in_native, id=6880, stack(0x0000003b82b00000,0x0000003b82c00000) (1024K)]
  0x000001687e7fa1a0 JavaThread "Thread-5"                   daemon [_thread_in_native, id=11596, stack(0x0000003b82c00000,0x0000003b82d00000) (1024K)]
  0x000001687e7faec0 JavaThread "Thread-6"                   daemon [_thread_in_native, id=21196, stack(0x0000003b82d00000,0x0000003b82e00000) (1024K)]
  0x000001687e7f7a40 JavaThread "Thread-7"                   daemon [_thread_in_native, id=36244, stack(0x0000003b82e00000,0x0000003b82f00000) (1024K)]
  0x000001687e7fb550 JavaThread "Thread-8"                   daemon [_thread_in_native, id=33096, stack(0x0000003b82f00000,0x0000003b83000000) (1024K)]
  0x000001687e7f80d0 JavaThread "Thread-9"                   daemon [_thread_in_native, id=26864, stack(0x0000003b83000000,0x0000003b83100000) (1024K)]
  0x000001687e7fe340 JavaThread "Thread-10"                  daemon [_thread_in_native, id=26700, stack(0x0000003b83100000,0x0000003b83200000) (1024K)]
  0x000001687e7fe9d0 JavaThread "Thread-11"                  daemon [_thread_in_native, id=6208, stack(0x0000003b83200000,0x0000003b83300000) (1024K)]
  0x000001687e7fc900 JavaThread "Thread-12"                  daemon [_thread_in_native, id=22100, stack(0x0000003b83300000,0x0000003b83400000) (1024K)]
  0x000001687e7ff060 JavaThread "Thread-13"                  daemon [_thread_in_native, id=35512, stack(0x0000003b83400000,0x0000003b83500000) (1024K)]
  0x000001687e7fc270 JavaThread "Thread-14"                  daemon [_thread_in_native, id=31340, stack(0x0000003b83500000,0x0000003b83600000) (1024K)]
  0x000001687e7fcf90 JavaThread "pool-2-thread-1"                   [_thread_blocked, id=31440, stack(0x0000003b83600000,0x0000003b83700000) (1024K)]
  0x000001687e7fbbe0 JavaThread "WorkspaceEventsHandler"            [_thread_blocked, id=22544, stack(0x0000003b83900000,0x0000003b83a00000) (1024K)]
  0x000001687e7fdcb0 JavaThread "pool-1-thread-1"                   [_thread_blocked, id=32244, stack(0x0000003b83a00000,0x0000003b83b00000) (1024K)]
  0x000001687fd62b40 JavaThread "Timer-0"                           [_thread_blocked, id=36668, stack(0x0000003b80d00000,0x0000003b80e00000) (1024K)]
  0x000001687fd63860 JavaThread "Timer-1"                           [_thread_blocked, id=15776, stack(0x0000003b83c00000,0x0000003b83d00000) (1024K)]
  0x000001687fd63ef0 JavaThread "Timer-2"                           [_thread_blocked, id=19292, stack(0x0000003b83d00000,0x0000003b83e00000) (1024K)]
  0x000001687fd64580 JavaThread "Timer-3"                           [_thread_blocked, id=15484, stack(0x0000003b84000000,0x0000003b84100000) (1024K)]
  0x000001687fd61100 JavaThread "Timer-4"                           [_thread_blocked, id=13608, stack(0x0000003b84100000,0x0000003b84200000) (1024K)]
  0x000001687e268eb0 JavaThread "Timer-5"                           [_thread_blocked, id=1768, stack(0x0000003b83e00000,0x0000003b83f00000) (1024K)]
  0x000001687fd64c10 JavaThread "Timer-6"                           [_thread_blocked, id=12332, stack(0x0000003b84200000,0x0000003b84300000) (1024K)]
  0x000001687fd66650 JavaThread "Timer-7"                           [_thread_blocked, id=26600, stack(0x0000003b84300000,0x0000003b84400000) (1024K)]
  0x000001680ced7c60 JavaThread "Worker-8"                          [_thread_blocked, id=33560, stack(0x0000003b81f00000,0x0000003b82000000) (1024K)]
Total: 46

Other Threads:
  0x0000016835ed4960 VMThread "VM Thread"                           [id=34576, stack(0x0000003b80100000,0x0000003b80200000) (1024K)]
  0x0000016835dcca00 WatcherThread "VM Periodic Task Thread"        [id=34604, stack(0x0000003b80000000,0x0000003b80100000) (1024K)]
  0x000001681f46d0a0 WorkerThread "GC Thread#0"                     [id=36092, stack(0x0000003bfff00000,0x0000003c00000000) (1024K)]
  0x000001687e1f75f0 WorkerThread "GC Thread#1"                     [id=828, stack(0x0000003b80e00000,0x0000003b80f00000) (1024K)]
  0x000001687995eaf0 WorkerThread "GC Thread#2"                     [id=15116, stack(0x0000003b80f00000,0x0000003b81000000) (1024K)]
  0x000001687995ee90 WorkerThread "GC Thread#3"                     [id=32684, stack(0x0000003b81000000,0x0000003b81100000) (1024K)]
  0x000001687995f230 WorkerThread "GC Thread#4"                     [id=35300, stack(0x0000003b81100000,0x0000003b81200000) (1024K)]
  0x000001687995f5d0 WorkerThread "GC Thread#5"                     [id=22740, stack(0x0000003b81200000,0x0000003b81300000) (1024K)]
  0x000001687995f970 WorkerThread "GC Thread#6"                     [id=30152, stack(0x0000003b81300000,0x0000003b81400000) (1024K)]
  0x00000168797ffb30 WorkerThread "GC Thread#7"                     [id=18732, stack(0x0000003b81500000,0x0000003b81600000) (1024K)]
  0x000001687e059200 WorkerThread "GC Thread#8"                     [id=12808, stack(0x0000003b81900000,0x0000003b81a00000) (1024K)]
  0x000001687e2706a0 WorkerThread "GC Thread#9"                     [id=18788, stack(0x0000003b81a00000,0x0000003b81b00000) (1024K)]
Total: 12

Threads with active compile tasks:
Total: 0

VM state: not at safepoint (normal execution)

VM Mutex/Monitor currently owned by a thread: None

Heap address: 0x0000000080000000, size: 2048 MB, Compressed Oops mode: 32-bit

CDS archive(s) mapped at: [0x0000016836000000-0x0000016836ba0000-0x0000016836ba0000), size 12189696, SharedBaseAddress: 0x0000016836000000, ArchiveRelocationMode: 1.
Compressed class space mapped at: 0x0000016837000000-0x0000016877000000, reserved size: 1073741824
Narrow klass base: 0x0000016836000000, Narrow klass shift: 0, Narrow klass range: 0x100000000

GC Precious Log:
 CardTable entry size: 512
 CPUs: 12 total, 12 available
 Memory: 16055M
 Large Page Support: Disabled
 NUMA Support: Disabled
 Compressed Oops: Enabled (32-bit)
 Alignments: Space 512K, Generation 512K, Heap 2M
 Heap Min Capacity: 100M
 Heap Initial Capacity: 100M
 Heap Max Capacity: 2G
 Pre-touch: Disabled
 Parallel Workers: 10

Heap:
 PSYoungGen      total 6144K, used 5026K [0x00000000d5580000, 0x00000000d5f80000, 0x0000000100000000)
  eden space 5632K, 85% used [0x00000000d5580000,0x00000000d5a309d0,0x00000000d5b00000)
  from space 512K, 43% used [0x00000000d5e80000,0x00000000d5eb8000,0x00000000d5f00000)
  to   space 512K, 0% used [0x00000000d5f00000,0x00000000d5f00000,0x00000000d5f80000)
 ParOldGen       total 517120K, used 516755K [0x0000000080000000, 0x000000009f900000, 0x00000000d5580000)
  object space 517120K, 99% used [0x0000000080000000,0x000000009f8a4ed8,0x000000009f900000)
 Metaspace       used 84141K, committed 85696K, reserved 1179648K
  class space    used 10158K, committed 10880K, reserved 1048576K

Card table byte_map: [0x000001681edf0000,0x000001681f200000] _byte_map_base: 0x000001681e9f0000

Marking Bits: (ParMarkBitMap*) 0x00007ffa8148a340
 Begin Bits: [0x00000168318f0000, 0x00000168338f0000)
 End Bits:   [0x00000168338f0000, 0x00000168358f0000)

Polling page: 0x000001681d3f0000

Metaspace:

Usage:
  Non-class:     72.25 MB used.
      Class:      9.92 MB used.
       Both:     82.17 MB used.

Virtual space:
  Non-class space:      128.00 MB reserved,      73.06 MB ( 57%) committed,  2 nodes.
      Class space:        1.00 GB reserved,      10.62 MB (  1%) committed,  1 nodes.
             Both:        1.12 GB reserved,      83.69 MB (  7%) committed. 

Chunk freelists:
   Non-Class:  6.27 MB
       Class:  5.25 MB
        Both:  11.51 MB

MaxMetaspaceSize: unlimited
CompressedClassSpaceSize: 1.00 GB
Initial GC threshold: 21.00 MB
Current GC threshold: 97.31 MB
CDS: on
 - commit_granule_bytes: 65536.
 - commit_granule_words: 8192.
 - virtual_space_node_default_size: 8388608.
 - enlarge_chunks_in_place: 1.
 - use_allocation_guard: 0.


Internal statistics:

num_allocs_failed_limit: 9.
num_arena_births: 1472.
num_arena_deaths: 14.
num_vsnodes_births: 3.
num_vsnodes_deaths: 0.
num_space_committed: 1339.
num_space_uncommitted: 0.
num_chunks_returned_to_freelist: 23.
num_chunks_taken_from_freelist: 5070.
num_chunk_merges: 15.
num_chunk_splits: 3266.
num_chunks_enlarged: 2020.
num_inconsistent_stats: 0.

CodeHeap 'non-profiled nmethods': size=120000Kb used=12134Kb max_used=12134Kb free=107865Kb
 bounds [0x000001682a110000, 0x000001682acf0000, 0x0000016831640000]
CodeHeap 'profiled nmethods': size=120000Kb used=26940Kb max_used=26940Kb free=93059Kb
 bounds [0x0000016822640000, 0x0000016824090000, 0x0000016829b70000]
CodeHeap 'non-nmethods': size=5760Kb used=1485Kb max_used=1560Kb free=4275Kb
 bounds [0x0000016829b70000, 0x0000016829de0000, 0x000001682a110000]
CodeCache: size=245760Kb, used=40559Kb, max_used=40634Kb, free=205199Kb
 total_blobs=12595, nmethods=11791, adapters=709, full_count=0
Compilation: enabled, stopped_count=0, restarted_count=0

Compilation events (20 events):
Event: 22807.727 Thread 0x0000016878269fd0 12531       3       org.eclipse.core.internal.resources.MarkerAttributeMap::shareStrings (92 bytes)
Event: 22807.736 Thread 0x0000016878269fd0 nmethod 12531 0x000001682408d410 code [0x000001682408d6a0, 0x000001682408e550]
Event: 22807.736 Thread 0x0000016878269fd0 12530       3       org.eclipse.core.internal.resources.MarkerInfo::shareStrings (21 bytes)
Event: 22807.737 Thread 0x0000016878269fd0 nmethod 12530 0x000001682408e890 code [0x000001682408ea60, 0x000001682408ec40]
Event: 23233.454 Thread 0x000001681f4fe780 12532   !   4       java.util.concurrent.locks.AbstractQueuedSynchronizer::acquire (424 bytes)
Event: 23233.516 Thread 0x000001681f4fe780 nmethod 12532 0x000001682ace6110 code [0x000001682ace63c0, 0x000001682ace7420]
Event: 23372.790 Thread 0x000001681f4fe780 12533       4       java.util.concurrent.locks.AbstractQueuedSynchronizer$Node::getAndUnsetStatus (14 bytes)
Event: 23372.793 Thread 0x000001681f4fe780 nmethod 12533 0x000001682ace7f90 code [0x000001682ace8120, 0x000001682ace81f0]
Event: 24313.300 Thread 0x000001681f4fe780 12534   !   4       java.util.concurrent.locks.AbstractQueuedSynchronizer::tryInitializeHead (66 bytes)
Event: 24313.302 Thread 0x000001681f4fe780 nmethod 12534 0x000001682ace8290 code [0x000001682ace8420, 0x000001682ace85e0]
Event: 24323.301 Thread 0x000001681f4fe780 12535       4       java.util.concurrent.locks.AbstractQueuedSynchronizer$Node::clearStatus (12 bytes)
Event: 24323.302 Thread 0x000001681f4fe780 nmethod 12535 0x000001682ace8710 code [0x000001682ace88a0, 0x000001682ace8930]
Event: 25507.859 Thread 0x0000016878269fd0 12536       3       org.eclipse.core.internal.jobs.JobListeners::queueEvent (15 bytes)
Event: 25507.871 Thread 0x0000016878269fd0 nmethod 12536 0x000001682408ed90 code [0x000001682408ef40, 0x000001682408f128]
Event: 26533.521 Thread 0x000001681f4fe780 12537       4       jdk.internal.misc.InnocuousThread::eraseThreadLocals (23 bytes)
Event: 26533.522 Thread 0x000001681f4fe780 nmethod 12537 0x000001682ace8a10 code [0x000001682ace8ba0, 0x000001682ace8c30]
Event: 28353.809 Thread 0x000001681f4fe780 12538   !   4       java.util.concurrent.locks.AbstractQueuedSynchronizer$ConditionObject::newConditionNode (78 bytes)
Event: 28353.836 Thread 0x000001681f4fe780 nmethod 12538 0x000001682ace8d10 code [0x000001682ace8f00, 0x000001682ace9298]
Event: 28412.979 Thread 0x000001681f4fe780 12539       4       java.util.concurrent.locks.AbstractQueuedSynchronizer$ConditionObject::unlinkCancelledWaiters (91 bytes)
Event: 28412.980 Thread 0x000001681f4fe780 nmethod 12539 0x000001682ace9590 code [0x000001682ace9720, 0x000001682ace9888]

GC Heap History (20 events):
Event: 85.633 GC heap before
{Heap before GC invocations=633 (full 3):
 PSYoungGen      total 7168K, used 7154K [0x00000000d5580000, 0x00000000d6400000, 0x0000000100000000)
  eden space 5632K, 100% used [0x00000000d5580000,0x00000000d5b00000,0x00000000d5b00000)
  from space 1536K, 99% used [0x00000000d5b00000,0x00000000d5c7caf0,0x00000000d5c80000)
  to   space 4608K, 0% used [0x00000000d5f80000,0x00000000d5f80000,0x00000000d6400000)
 ParOldGen       total 515584K, used 515344K [0x0000000080000000, 0x000000009f780000, 0x00000000d5580000)
  object space 515584K, 99% used [0x0000000080000000,0x000000009f744190,0x000000009f780000)
 Metaspace       used 83815K, committed 85376K, reserved 1179648K
  class space    used 10134K, committed 10816K, reserved 1048576K
}
Event: 85.634 GC heap after
{Heap after GC invocations=633 (full 3):
 PSYoungGen      total 6144K, used 320K [0x00000000d5580000, 0x00000000d6000000, 0x0000000100000000)
  eden space 5632K, 0% used [0x00000000d5580000,0x00000000d5580000,0x00000000d5b00000)
  from space 512K, 62% used [0x00000000d5f80000,0x00000000d5fd0000,0x00000000d6000000)
  to   space 2048K, 0% used [0x00000000d5c00000,0x00000000d5c00000,0x00000000d5e00000)
 ParOldGen       total 516608K, used 516443K [0x0000000080000000, 0x000000009f880000, 0x00000000d5580000)
  object space 516608K, 99% used [0x0000000080000000,0x000000009f856ed8,0x000000009f880000)
 Metaspace       used 83815K, committed 85376K, reserved 1179648K
  class space    used 10134K, committed 10816K, reserved 1048576K
}
Event: 312.999 GC heap before
{Heap before GC invocations=634 (full 3):
 PSYoungGen      total 6144K, used 5952K [0x00000000d5580000, 0x00000000d6000000, 0x0000000100000000)
  eden space 5632K, 100% used [0x00000000d5580000,0x00000000d5b00000,0x00000000d5b00000)
  from space 512K, 62% used [0x00000000d5f80000,0x00000000d5fd0000,0x00000000d6000000)
  to   space 2048K, 0% used [0x00000000d5c00000,0x00000000d5c00000,0x00000000d5e00000)
 ParOldGen       total 516608K, used 516443K [0x0000000080000000, 0x000000009f880000, 0x00000000d5580000)
  object space 516608K, 99% used [0x0000000080000000,0x000000009f856ed8,0x000000009f880000)
 Metaspace       used 83967K, committed 85504K, reserved 1179648K
  class space    used 10153K, committed 10816K, reserved 1048576K
}
Event: 313.001 GC heap after
{Heap after GC invocations=634 (full 3):
 PSYoungGen      total 7680K, used 320K [0x00000000d5580000, 0x00000000d6000000, 0x0000000100000000)
  eden space 5632K, 0% used [0x00000000d5580000,0x00000000d5580000,0x00000000d5b00000)
  from space 2048K, 15% used [0x00000000d5c00000,0x00000000d5c50000,0x00000000d5e00000)
  to   space 1024K, 0% used [0x00000000d5f00000,0x00000000d5f00000,0x00000000d6000000)
 ParOldGen       total 516608K, used 516515K [0x0000000080000000, 0x000000009f880000, 0x00000000d5580000)
  object space 516608K, 99% used [0x0000000080000000,0x000000009f868ed8,0x000000009f880000)
 Metaspace       used 83967K, committed 85504K, reserved 1179648K
  class space    used 10153K, committed 10816K, reserved 1048576K
}
Event: 313.139 GC heap before
{Heap before GC invocations=635 (full 3):
 PSYoungGen      total 7680K, used 5951K [0x00000000d5580000, 0x00000000d6000000, 0x0000000100000000)
  eden space 5632K, 99% used [0x00000000d5580000,0x00000000d5affff0,0x00000000d5b00000)
  from space 2048K, 15% used [0x00000000d5c00000,0x00000000d5c50000,0x00000000d5e00000)
  to   space 1024K, 0% used [0x00000000d5f00000,0x00000000d5f00000,0x00000000d6000000)
 ParOldGen       total 516608K, used 516515K [0x0000000080000000, 0x000000009f880000, 0x00000000d5580000)
  object space 516608K, 99% used [0x0000000080000000,0x000000009f868ed8,0x000000009f880000)
 Metaspace       used 83975K, committed 85504K, reserved 1179648K
  class space    used 10153K, committed 10816K, reserved 1048576K
}
Event: 313.141 GC heap after
{Heap after GC invocations=635 (full 3):
 PSYoungGen      total 6144K, used 160K [0x00000000d5580000, 0x00000000d5f80000, 0x0000000100000000)
  eden space 5632K, 0% used [0x00000000d5580000,0x00000000d5580000,0x00000000d5b00000)
  from space 512K, 31% used [0x00000000d5f00000,0x00000000d5f28000,0x00000000d5f80000)
  to   space 512K, 0% used [0x00000000d5e80000,0x00000000d5e80000,0x00000000d5f00000)
 ParOldGen       total 517120K, used 516651K [0x0000000080000000, 0x000000009f900000, 0x00000000d5580000)
  object space 517120K, 99% used [0x0000000080000000,0x000000009f88aed8,0x000000009f900000)
 Metaspace       used 83975K, committed 85504K, reserved 1179648K
  class space    used 10153K, committed 10816K, reserved 1048576K
}
Event: 358.184 GC heap before
{Heap before GC invocations=636 (full 3):
 PSYoungGen      total 6144K, used 5792K [0x00000000d5580000, 0x00000000d5f80000, 0x0000000100000000)
  eden space 5632K, 100% used [0x00000000d5580000,0x00000000d5b00000,0x00000000d5b00000)
  from space 512K, 31% used [0x00000000d5f00000,0x00000000d5f28000,0x00000000d5f80000)
  to   space 512K, 0% used [0x00000000d5e80000,0x00000000d5e80000,0x00000000d5f00000)
 ParOldGen       total 517120K, used 516651K [0x0000000080000000, 0x000000009f900000, 0x00000000d5580000)
  object space 517120K, 99% used [0x0000000080000000,0x000000009f88aed8,0x000000009f900000)
 Metaspace       used 83996K, committed 85568K, reserved 1179648K
  class space    used 10155K, committed 10880K, reserved 1048576K
}
Event: 358.185 GC heap after
{Heap after GC invocations=636 (full 3):
 PSYoungGen      total 6144K, used 320K [0x00000000d5580000, 0x00000000d5f80000, 0x0000000100000000)
  eden space 5632K, 0% used [0x00000000d5580000,0x00000000d5580000,0x00000000d5b00000)
  from space 512K, 62% used [0x00000000d5e80000,0x00000000d5ed0000,0x00000000d5f00000)
  to   space 512K, 0% used [0x00000000d5f00000,0x00000000d5f00000,0x00000000d5f80000)
 ParOldGen       total 517120K, used 516659K [0x0000000080000000, 0x000000009f900000, 0x00000000d5580000)
  object space 517120K, 99% used [0x0000000080000000,0x000000009f88ced8,0x000000009f900000)
 Metaspace       used 83996K, committed 85568K, reserved 1179648K
  class space    used 10155K, committed 10880K, reserved 1048576K
}
Event: 358.266 GC heap before
{Heap before GC invocations=637 (full 3):
 PSYoungGen      total 6144K, used 5952K [0x00000000d5580000, 0x00000000d5f80000, 0x0000000100000000)
  eden space 5632K, 100% used [0x00000000d5580000,0x00000000d5b00000,0x00000000d5b00000)
  from space 512K, 62% used [0x00000000d5e80000,0x00000000d5ed0000,0x00000000d5f00000)
  to   space 512K, 0% used [0x00000000d5f00000,0x00000000d5f00000,0x00000000d5f80000)
 ParOldGen       total 517120K, used 516659K [0x0000000080000000, 0x000000009f900000, 0x00000000d5580000)
  object space 517120K, 99% used [0x0000000080000000,0x000000009f88ced8,0x000000009f900000)
 Metaspace       used 84003K, committed 85568K, reserved 1179648K
  class space    used 10155K, committed 10880K, reserved 1048576K
}
Event: 358.268 GC heap after
{Heap after GC invocations=637 (full 3):
 PSYoungGen      total 6144K, used 160K [0x00000000d5580000, 0x00000000d5f80000, 0x0000000100000000)
  eden space 5632K, 0% used [0x00000000d5580000,0x00000000d5580000,0x00000000d5b00000)
  from space 512K, 31% used [0x00000000d5f00000,0x00000000d5f28000,0x00000000d5f80000)
  to   space 512K, 0% used [0x00000000d5e80000,0x00000000d5e80000,0x00000000d5f00000)
 ParOldGen       total 517120K, used 516731K [0x0000000080000000, 0x000000009f900000, 0x00000000d5580000)
  object space 517120K, 99% used [0x0000000080000000,0x000000009f89eed8,0x000000009f900000)
 Metaspace       used 84003K, committed 85568K, reserved 1179648K
  class space    used 10155K, committed 10880K, reserved 1048576K
}
Event: 358.331 GC heap before
{Heap before GC invocations=638 (full 3):
 PSYoungGen      total 6144K, used 5792K [0x00000000d5580000, 0x00000000d5f80000, 0x0000000100000000)
  eden space 5632K, 100% used [0x00000000d5580000,0x00000000d5b00000,0x00000000d5b00000)
  from space 512K, 31% used [0x00000000d5f00000,0x00000000d5f28000,0x00000000d5f80000)
  to   space 512K, 0% used [0x00000000d5e80000,0x00000000d5e80000,0x00000000d5f00000)
 ParOldGen       total 517120K, used 516731K [0x0000000080000000, 0x000000009f900000, 0x00000000d5580000)
  object space 517120K, 99% used [0x0000000080000000,0x000000009f89eed8,0x000000009f900000)
 Metaspace       used 84009K, committed 85568K, reserved 1179648K
  class space    used 10155K, committed 10880K, reserved 1048576K
}
Event: 358.332 GC heap after
{Heap after GC invocations=638 (full 3):
 PSYoungGen      total 6144K, used 160K [0x00000000d5580000, 0x00000000d5f80000, 0x0000000100000000)
  eden space 5632K, 0% used [0x00000000d5580000,0x00000000d5580000,0x00000000d5b00000)
  from space 512K, 31% used [0x00000000d5e80000,0x00000000d5ea8000,0x00000000d5f00000)
  to   space 512K, 0% used [0x00000000d5f00000,0x00000000d5f00000,0x00000000d5f80000)
 ParOldGen       total 517120K, used 516731K [0x0000000080000000, 0x000000009f900000, 0x00000000d5580000)
  object space 517120K, 99% used [0x0000000080000000,0x000000009f89eed8,0x000000009f900000)
 Metaspace       used 84009K, committed 85568K, reserved 1179648K
  class space    used 10155K, committed 10880K, reserved 1048576K
}
Event: 358.422 GC heap before
{Heap before GC invocations=639 (full 3):
 PSYoungGen      total 6144K, used 5792K [0x00000000d5580000, 0x00000000d5f80000, 0x0000000100000000)
  eden space 5632K, 100% used [0x00000000d5580000,0x00000000d5b00000,0x00000000d5b00000)
  from space 512K, 31% used [0x00000000d5e80000,0x00000000d5ea8000,0x00000000d5f00000)
  to   space 512K, 0% used [0x00000000d5f00000,0x00000000d5f00000,0x00000000d5f80000)
 ParOldGen       total 517120K, used 516731K [0x0000000080000000, 0x000000009f900000, 0x00000000d5580000)
  object space 517120K, 99% used [0x0000000080000000,0x000000009f89eed8,0x000000009f900000)
 Metaspace       used 84009K, committed 85568K, reserved 1179648K
  class space    used 10155K, committed 10880K, reserved 1048576K
}
Event: 358.423 GC heap after
{Heap after GC invocations=639 (full 3):
 PSYoungGen      total 6144K, used 224K [0x00000000d5580000, 0x00000000d5f80000, 0x0000000100000000)
  eden space 5632K, 0% used [0x00000000d5580000,0x00000000d5580000,0x00000000d5b00000)
  from space 512K, 43% used [0x00000000d5f00000,0x00000000d5f38000,0x00000000d5f80000)
  to   space 512K, 0% used [0x00000000d5e80000,0x00000000d5e80000,0x00000000d5f00000)
 ParOldGen       total 517120K, used 516739K [0x0000000080000000, 0x000000009f900000, 0x00000000d5580000)
  object space 517120K, 99% used [0x0000000080000000,0x000000009f8a0ed8,0x000000009f900000)
 Metaspace       used 84009K, committed 85568K, reserved 1179648K
  class space    used 10155K, committed 10880K, reserved 1048576K
}
Event: 358.501 GC heap before
{Heap before GC invocations=640 (full 3):
 PSYoungGen      total 6144K, used 5856K [0x00000000d5580000, 0x00000000d5f80000, 0x0000000100000000)
  eden space 5632K, 100% used [0x00000000d5580000,0x00000000d5b00000,0x00000000d5b00000)
  from space 512K, 43% used [0x00000000d5f00000,0x00000000d5f38000,0x00000000d5f80000)
  to   space 512K, 0% used [0x00000000d5e80000,0x00000000d5e80000,0x00000000d5f00000)
 ParOldGen       total 517120K, used 516739K [0x0000000080000000, 0x000000009f900000, 0x00000000d5580000)
  object space 517120K, 99% used [0x0000000080000000,0x000000009f8a0ed8,0x000000009f900000)
 Metaspace       used 84010K, committed 85568K, reserved 1179648K
  class space    used 10155K, committed 10880K, reserved 1048576K
}
Event: 358.502 GC heap after
{Heap after GC invocations=640 (full 3):
 PSYoungGen      total 6144K, used 224K [0x00000000d5580000, 0x00000000d5f80000, 0x0000000100000000)
  eden space 5632K, 0% used [0x00000000d5580000,0x00000000d5580000,0x00000000d5b00000)
  from space 512K, 43% used [0x00000000d5e80000,0x00000000d5eb8000,0x00000000d5f00000)
  to   space 512K, 0% used [0x00000000d5f00000,0x00000000d5f00000,0x00000000d5f80000)
 ParOldGen       total 517120K, used 516739K [0x0000000080000000, 0x000000009f900000, 0x00000000d5580000)
  object space 517120K, 99% used [0x0000000080000000,0x000000009f8a0ed8,0x000000009f900000)
 Metaspace       used 84010K, committed 85568K, reserved 1179648K
  class space    used 10155K, committed 10880K, reserved 1048576K
}
Event: 358.548 GC heap before
{Heap before GC invocations=641 (full 3):
 PSYoungGen      total 6144K, used 5856K [0x00000000d5580000, 0x00000000d5f80000, 0x0000000100000000)
  eden space 5632K, 100% used [0x00000000d5580000,0x00000000d5b00000,0x00000000d5b00000)
  from space 512K, 43% used [0x00000000d5e80000,0x00000000d5eb8000,0x00000000d5f00000)
  to   space 512K, 0% used [0x00000000d5f00000,0x00000000d5f00000,0x00000000d5f80000)
 ParOldGen       total 517120K, used 516739K [0x0000000080000000, 0x000000009f900000, 0x00000000d5580000)
  object space 517120K, 99% used [0x0000000080000000,0x000000009f8a0ed8,0x000000009f900000)
 Metaspace       used 84016K, committed 85568K, reserved 1179648K
  class space    used 10155K, committed 10880K, reserved 1048576K
}
Event: 358.549 GC heap after
{Heap after GC invocations=641 (full 3):
 PSYoungGen      total 6144K, used 192K [0x00000000d5580000, 0x00000000d5f80000, 0x0000000100000000)
  eden space 5632K, 0% used [0x00000000d5580000,0x00000000d5580000,0x00000000d5b00000)
  from space 512K, 37% used [0x00000000d5f00000,0x00000000d5f30000,0x00000000d5f80000)
  to   space 512K, 0% used [0x00000000d5e80000,0x00000000d5e80000,0x00000000d5f00000)
 ParOldGen       total 517120K, used 516747K [0x0000000080000000, 0x000000009f900000, 0x00000000d5580000)
  object space 517120K, 99% used [0x0000000080000000,0x000000009f8a2ed8,0x000000009f900000)
 Metaspace       used 84016K, committed 85568K, reserved 1179648K
  class space    used 10155K, committed 10880K, reserved 1048576K
}
Event: 358.592 GC heap before
{Heap before GC invocations=642 (full 3):
 PSYoungGen      total 6144K, used 5824K [0x00000000d5580000, 0x00000000d5f80000, 0x0000000100000000)
  eden space 5632K, 100% used [0x00000000d5580000,0x00000000d5b00000,0x00000000d5b00000)
  from space 512K, 37% used [0x00000000d5f00000,0x00000000d5f30000,0x00000000d5f80000)
  to   space 512K, 0% used [0x00000000d5e80000,0x00000000d5e80000,0x00000000d5f00000)
 ParOldGen       total 517120K, used 516747K [0x0000000080000000, 0x000000009f900000, 0x00000000d5580000)
  object space 517120K, 99% used [0x0000000080000000,0x000000009f8a2ed8,0x000000009f900000)
 Metaspace       used 84016K, committed 85568K, reserved 1179648K
  class space    used 10155K, committed 10880K, reserved 1048576K
}
Event: 358.593 GC heap after
{Heap after GC invocations=642 (full 3):
 PSYoungGen      total 6144K, used 224K [0x00000000d5580000, 0x00000000d5f80000, 0x0000000100000000)
  eden space 5632K, 0% used [0x00000000d5580000,0x00000000d5580000,0x00000000d5b00000)
  from space 512K, 43% used [0x00000000d5e80000,0x00000000d5eb8000,0x00000000d5f00000)
  to   space 512K, 0% used [0x00000000d5f00000,0x00000000d5f00000,0x00000000d5f80000)
 ParOldGen       total 517120K, used 516755K [0x0000000080000000, 0x000000009f900000, 0x00000000d5580000)
  object space 517120K, 99% used [0x0000000080000000,0x000000009f8a4ed8,0x000000009f900000)
 Metaspace       used 84016K, committed 85568K, reserved 1179648K
  class space    used 10155K, committed 10880K, reserved 1048576K
}

Dll operation events (15 events):
Event: 0.017 Loaded shared library c:\Users\s2-ru\.vscode\extensions\redhat.java-1.45.0-win32-x64\jre\21.0.8-win32-x86_64\bin\java.dll
Event: 0.047 Loaded shared library c:\Users\s2-ru\.vscode\extensions\redhat.java-1.45.0-win32-x64\jre\21.0.8-win32-x86_64\bin\zip.dll
Event: 0.131 Loaded shared library C:\Users\s2-ru\.vscode\extensions\redhat.java-1.45.0-win32-x64\jre\21.0.8-win32-x86_64\bin\instrument.dll
Event: 0.146 Loaded shared library C:\Users\s2-ru\.vscode\extensions\redhat.java-1.45.0-win32-x64\jre\21.0.8-win32-x86_64\bin\net.dll
Event: 0.149 Loaded shared library C:\Users\s2-ru\.vscode\extensions\redhat.java-1.45.0-win32-x64\jre\21.0.8-win32-x86_64\bin\nio.dll
Event: 0.160 Loaded shared library C:\Users\s2-ru\.vscode\extensions\redhat.java-1.45.0-win32-x64\jre\21.0.8-win32-x86_64\bin\zip.dll
Event: 0.181 Loaded shared library C:\Users\s2-ru\.vscode\extensions\redhat.java-1.45.0-win32-x64\jre\21.0.8-win32-x86_64\bin\jimage.dll
Event: 0.270 Loaded shared library c:\Users\s2-ru\.vscode\extensions\redhat.java-1.45.0-win32-x64\jre\21.0.8-win32-x86_64\bin\verify.dll
Event: 1.573 Loaded shared library C:\Users\s2-ru\AppData\Roaming\Code\User\globalStorage\redhat.java\1.45.0\config_win\org.eclipse.equinox.launcher\org.eclipse.equinox.launcher.win32.win32.x86_64_1.2.1400.v20250801-0854\eclipse_11916.dll
Event: 6.654 Loaded shared library C:\Users\s2-ru\.vscode\extensions\redhat.java-1.45.0-win32-x64\jre\21.0.8-win32-x86_64\bin\management.dll
Event: 6.659 Loaded shared library C:\Users\s2-ru\.vscode\extensions\redhat.java-1.45.0-win32-x64\jre\21.0.8-win32-x86_64\bin\management_ext.dll
Event: 9.635 Loaded shared library C:\Users\s2-ru\AppData\Local\Temp\jna-107741361\jna736650266860351057.dll
Event: 10.340 Loaded shared library C:\Users\s2-ru\.vscode\extensions\redhat.java-1.45.0-win32-x64\jre\21.0.8-win32-x86_64\bin\sunmscapi.dll
Event: 10.577 Loaded shared library C:\Users\s2-ru\.vscode\extensions\redhat.java-1.45.0-win32-x64\jre\21.0.8-win32-x86_64\bin\extnet.dll
Event: 41.669 Loaded shared library C:\Users\s2-ru\.gradle\native\c067742578af261105cb4f569cf0c3c89f3d7b1fecec35dd04571415982c5e48\windows-amd64\native-platform.dll

Deoptimization events (20 events):
Event: 85.647 Thread 0x000001687e26a8f0 Uncommon trap: trap_request=0xffffffc6 fr.pc=0x000001682ab9487c relative=0x0000000000000c3c
Event: 85.647 Thread 0x000001687e26a8f0 Uncommon trap: reason=bimorphic_or_optimized_type_check action=maybe_recompile pc=0x000001682ab9487c method=org.eclipse.jdt.internal.compiler.parser.Parser.consumeToken(Lorg/eclipse/jdt/internal/compiler/parser/TerminalToken;)V @ 1866 c2
Event: 85.647 Thread 0x000001687e26a8f0 DEOPT PACKING pc=0x000001682ab9487c sp=0x0000003b820fedf0
Event: 85.647 Thread 0x000001687e26a8f0 DEOPT UNPACKING pc=0x0000016829bc3aa2 sp=0x0000003b820fed88 mode 2
Event: 85.647 Thread 0x000001687e26a8f0 Uncommon trap: trap_request=0xffffffc6 fr.pc=0x000001682ab9487c relative=0x0000000000000c3c
Event: 85.647 Thread 0x000001687e26a8f0 Uncommon trap: reason=bimorphic_or_optimized_type_check action=maybe_recompile pc=0x000001682ab9487c method=org.eclipse.jdt.internal.compiler.parser.Parser.consumeToken(Lorg/eclipse/jdt/internal/compiler/parser/TerminalToken;)V @ 1866 c2
Event: 85.647 Thread 0x000001687e26a8f0 DEOPT PACKING pc=0x000001682ab9487c sp=0x0000003b820fedf0
Event: 85.647 Thread 0x000001687e26a8f0 DEOPT UNPACKING pc=0x0000016829bc3aa2 sp=0x0000003b820fed88 mode 2
Event: 312.929 Thread 0x000001687e7fbbe0 Uncommon trap: trap_request=0xffffff45 fr.pc=0x000001682a574790 relative=0x00000000000002b0
Event: 312.929 Thread 0x000001687e7fbbe0 Uncommon trap: reason=unstable_if action=reinterpret pc=0x000001682a574790 method=java.net.URI.equal(Ljava/lang/String;Ljava/lang/String;)Z @ 10 c2
Event: 312.929 Thread 0x000001687e7fbbe0 DEOPT PACKING pc=0x000001682a574790 sp=0x0000003b839fed70
Event: 312.929 Thread 0x000001687e7fbbe0 DEOPT UNPACKING pc=0x0000016829bc3aa2 sp=0x0000003b839fed00 mode 2
Event: 358.219 Thread 0x000001687e7fbbe0 DEOPT PACKING pc=0x00000168240124c1 sp=0x0000003b839fe710
Event: 358.219 Thread 0x000001687e7fbbe0 DEOPT UNPACKING pc=0x0000016829bc4242 sp=0x0000003b839fdbf0 mode 0
Event: 3743.457 Thread 0x000001687fd62b40 DEOPT PACKING pc=0x000001682406d2a3 sp=0x0000003b80dff020
Event: 3743.458 Thread 0x000001687fd62b40 DEOPT UNPACKING pc=0x0000016829bc4242 sp=0x0000003b80dfe508 mode 0
Event: 3999.420 Thread 0x000001687fd63ef0 DEOPT PACKING pc=0x000001682406d2a3 sp=0x0000003b83dff460
Event: 3999.421 Thread 0x000001687fd63ef0 DEOPT UNPACKING pc=0x0000016829bc4242 sp=0x0000003b83dfe948 mode 0
Event: 4566.902 Thread 0x000001687fd63860 DEOPT PACKING pc=0x000001682406d2a3 sp=0x0000003b83cff420
Event: 4566.905 Thread 0x000001687fd63860 DEOPT UNPACKING pc=0x0000016829bc4242 sp=0x0000003b83cfe908 mode 0

Classes loaded (20 events):
Event: 84.474 Loading class java/util/stream/DistinctOps$1
Event: 84.474 Loading class java/util/stream/DistinctOps$1 done
Event: 84.477 Loading class java/util/stream/DistinctOps$1$2
Event: 84.478 Loading class java/util/stream/DistinctOps$1$2 done
Event: 84.497 Loading class java/util/regex/PatternSyntaxException
Event: 84.497 Loading class java/util/regex/PatternSyntaxException done
Event: 84.612 Loading class java/util/concurrent/CompletableFuture$UniApply
Event: 84.612 Loading class java/util/concurrent/CompletableFuture$UniCompletion
Event: 84.612 Loading class java/util/concurrent/CompletableFuture$UniCompletion done
Event: 84.612 Loading class java/util/concurrent/CompletableFuture$UniApply done
Event: 84.612 Loading class java/util/concurrent/CompletableFuture$UniAccept
Event: 84.613 Loading class java/util/concurrent/CompletableFuture$UniAccept done
Event: 84.613 Loading class java/util/concurrent/CompletableFuture$UniExceptionally
Event: 84.613 Loading class java/util/concurrent/CompletableFuture$UniExceptionally done
Event: 84.721 Loading class java/security/DigestInputStream
Event: 84.722 Loading class java/security/DigestInputStream done
Event: 84.908 Loading class java/util/Hashtable$ValueCollection
Event: 84.909 Loading class java/util/Hashtable$ValueCollection done
Event: 84.914 Loading class java/util/concurrent/ConcurrentHashMap$KeySpliterator
Event: 84.914 Loading class java/util/concurrent/ConcurrentHashMap$KeySpliterator done

Classes unloaded (7 events):
Event: 8.471 Thread 0x0000016835ed4960 Unloading class 0x00000168371acc00 'java/lang/invoke/LambdaForm$MH+0x00000168371acc00'
Event: 8.471 Thread 0x0000016835ed4960 Unloading class 0x00000168371ac800 'java/lang/invoke/LambdaForm$MH+0x00000168371ac800'
Event: 8.471 Thread 0x0000016835ed4960 Unloading class 0x00000168371ac400 'java/lang/invoke/LambdaForm$MH+0x00000168371ac400'
Event: 8.471 Thread 0x0000016835ed4960 Unloading class 0x00000168371ac000 'java/lang/invoke/LambdaForm$MH+0x00000168371ac000'
Event: 8.471 Thread 0x0000016835ed4960 Unloading class 0x00000168371abc00 'java/lang/invoke/LambdaForm$BMH+0x00000168371abc00'
Event: 8.471 Thread 0x0000016835ed4960 Unloading class 0x00000168371ab800 'java/lang/invoke/LambdaForm$DMH+0x00000168371ab800'
Event: 8.471 Thread 0x0000016835ed4960 Unloading class 0x00000168371aa800 'java/lang/invoke/LambdaForm$DMH+0x00000168371aa800'

Classes redefined (0 events):
No events

Internal exceptions (20 events):
Event: 84.748 Thread 0x00000168019b1f60 Exception <a 'sun/nio/fs/WindowsException'{0x00000000d57b4650}> (0x00000000d57b4650) 
thrown [s\src\hotspot\share\prims\jni.cpp, line 520]
Event: 84.748 Thread 0x00000168019b25f0 Exception <a 'sun/nio/fs/WindowsException'{0x00000000d57bce98}> (0x00000000d57bce98) 
thrown [s\src\hotspot\share\prims\jni.cpp, line 520]
Event: 84.862 Thread 0x0000016801f830b0 Exception <a 'java/lang/NoSuchMethodError'{0x00000000d567e820}: 'java.lang.Object java.lang.invoke.DirectMethodHandle$Holder.invokeStatic(java.lang.Object, java.lang.Object, int, java.lang.Object)'> (0x00000000d567e820) 
thrown [s\src\hotspot\share\interpreter\linkResolver.cpp, line 773]
Event: 84.916 Thread 0x00000168019ae450 Exception <a 'java/lang/NoSuchMethodError'{0x00000000d5927980}: 'java.lang.Object java.lang.invoke.DirectMethodHandle$Holder.newInvokeSpecial(java.lang.Object, java.lang.Object, int, int, java.lang.Object)'> (0x00000000d5927980) 
thrown [s\src\hotspot\share\interpreter\linkResolver.cpp, line 773]
Event: 84.946 Thread 0x00000168019ae450 Exception <a 'sun/nio/fs/WindowsException'{0x00000000d5a36368}> (0x00000000d5a36368) 
thrown [s\src\hotspot\share\prims\jni.cpp, line 520]
Event: 84.947 Thread 0x00000168019b0520 Exception <a 'sun/nio/fs/WindowsException'{0x00000000d5a401a0}> (0x00000000d5a401a0) 
thrown [s\src\hotspot\share\prims\jni.cpp, line 520]
Event: 84.947 Thread 0x00000168019afe90 Exception <a 'sun/nio/fs/WindowsException'{0x00000000d5a3e8f0}> (0x00000000d5a3e8f0) 
thrown [s\src\hotspot\share\prims\jni.cpp, line 520]
Event: 84.947 Thread 0x00000168019ac380 Exception <a 'sun/nio/fs/WindowsException'{0x00000000d5a43300}> (0x00000000d5a43300) 
thrown [s\src\hotspot\share\prims\jni.cpp, line 520]
Event: 84.947 Thread 0x00000168019af800 Exception <a 'sun/nio/fs/WindowsException'{0x00000000d5a44bb0}> (0x00000000d5a44bb0) 
thrown [s\src\hotspot\share\prims\jni.cpp, line 520]
Event: 84.947 Thread 0x00000168019b1f60 Exception <a 'sun/nio/fs/WindowsException'{0x00000000d5a41a50}> (0x00000000d5a41a50) 
thrown [s\src\hotspot\share\prims\jni.cpp, line 520]
Event: 84.947 Thread 0x00000168019b25f0 Exception <a 'sun/nio/fs/WindowsException'{0x00000000d5a46478}> (0x00000000d5a46478) 
thrown [s\src\hotspot\share\prims\jni.cpp, line 520]
Event: 84.948 Thread 0x00000168019af170 Exception <a 'sun/nio/fs/WindowsException'{0x00000000d5a47d28}> (0x00000000d5a47d28) 
thrown [s\src\hotspot\share\prims\jni.cpp, line 520]
Event: 84.948 Thread 0x00000168019b0bb0 Exception <a 'sun/nio/fs/WindowsException'{0x00000000d5a49828}> (0x00000000d5a49828) 
thrown [s\src\hotspot\share\prims\jni.cpp, line 520]
Event: 84.948 Thread 0x00000168019b1240 Exception <a 'sun/nio/fs/WindowsException'{0x00000000d5a4b0c0}> (0x00000000d5a4b0c0) 
thrown [s\src\hotspot\share\prims\jni.cpp, line 520]
Event: 84.948 Thread 0x00000168019addc0 Exception <a 'sun/nio/fs/WindowsException'{0x00000000d5a4c988}> (0x00000000d5a4c988) 
thrown [s\src\hotspot\share\prims\jni.cpp, line 520]
Event: 85.059 Thread 0x00000168019ae450 Implicit null exception at 0x000001682a5c7ecf to 0x000001682a5c8030
Event: 85.530 Thread 0x00000168019ae450 Exception <a 'sun/nio/fs/WindowsException'{0x00000000d56af738}> (0x00000000d56af738) 
thrown [s\src\hotspot\share\prims\jni.cpp, line 520]
Event: 85.530 Thread 0x00000168019ae450 Exception <a 'sun/nio/fs/WindowsException'{0x00000000d56afd68}> (0x00000000d56afd68) 
thrown [s\src\hotspot\share\prims\jni.cpp, line 520]
Event: 384.625 Thread 0x000001687e26a8f0 Exception <a 'sun/nio/fs/WindowsException'{0x00000000d58ef0e8}> (0x00000000d58ef0e8) 
thrown [s\src\hotspot\share\prims\jni.cpp, line 520]
Event: 384.625 Thread 0x000001687e26a8f0 Exception <a 'sun/nio/fs/WindowsException'{0x00000000d58ef9c8}> (0x00000000d58ef9c8) 
thrown [s\src\hotspot\share\prims\jni.cpp, line 520]

ZGC Phase Switch (0 events):
No events

VM Operations (20 events):
Event: 28221.283 Executing VM operation: HandshakeAllThreads (HandshakeForDeflation)
Event: 28221.284 Executing VM operation: HandshakeAllThreads (HandshakeForDeflation) done
Event: 28221.284 Executing VM operation: RendezvousGCThreads
Event: 28221.284 Executing VM operation: RendezvousGCThreads done
Event: 28341.490 Executing VM operation: HandshakeAllThreads (HandshakeForDeflation)
Event: 28341.490 Executing VM operation: HandshakeAllThreads (HandshakeForDeflation) done
Event: 28341.490 Executing VM operation: RendezvousGCThreads
Event: 28341.490 Executing VM operation: RendezvousGCThreads done
Event: 28401.686 Executing VM operation: HandshakeAllThreads (HandshakeForDeflation)
Event: 28401.686 Executing VM operation: HandshakeAllThreads (HandshakeForDeflation) done
Event: 28401.686 Executing VM operation: RendezvousGCThreads
Event: 28401.686 Executing VM operation: RendezvousGCThreads done
Event: 28461.876 Executing VM operation: HandshakeAllThreads (HandshakeForDeflation)
Event: 28461.876 Executing VM operation: HandshakeAllThreads (HandshakeForDeflation) done
Event: 28461.876 Executing VM operation: RendezvousGCThreads
Event: 28461.876 Executing VM operation: RendezvousGCThreads done
Event: 28522.071 Executing VM operation: HandshakeAllThreads (HandshakeForDeflation)
Event: 28522.071 Executing VM operation: HandshakeAllThreads (HandshakeForDeflation) done
Event: 28522.071 Executing VM operation: RendezvousGCThreads
Event: 28522.071 Executing VM operation: RendezvousGCThreads done

Memory protections (0 events):
No events

Nmethod flushes (20 events):
Event: 65.654 Thread 0x0000016835ed4960 flushing  nmethod 0x0000016822e73590
Event: 65.654 Thread 0x0000016835ed4960 flushing  nmethod 0x0000016822e8b590
Event: 65.654 Thread 0x0000016835ed4960 flushing  nmethod 0x0000016822e8fb10
Event: 65.654 Thread 0x0000016835ed4960 flushing  nmethod 0x0000016822e92990
Event: 65.654 Thread 0x0000016835ed4960 flushing  nmethod 0x0000016822e94290
Event: 65.654 Thread 0x0000016835ed4960 flushing  nmethod 0x0000016822e97e90
Event: 65.654 Thread 0x0000016835ed4960 flushing  nmethod 0x0000016822e98610
Event: 65.654 Thread 0x0000016835ed4960 flushing  nmethod 0x0000016822e98c10
Event: 65.654 Thread 0x0000016835ed4960 flushing  nmethod 0x0000016822e99090
Event: 65.654 Thread 0x0000016835ed4960 flushing  nmethod 0x0000016822e9ae90
Event: 65.654 Thread 0x0000016835ed4960 flushing  nmethod 0x0000016822ea4d90
Event: 65.654 Thread 0x0000016835ed4960 flushing  nmethod 0x0000016822eb5910
Event: 65.654 Thread 0x0000016835ed4960 flushing  nmethod 0x0000016822eccd10
Event: 65.654 Thread 0x0000016835ed4960 flushing  nmethod 0x0000016822ed1590
Event: 65.654 Thread 0x0000016835ed4960 flushing  nmethod 0x0000016822eeef10
Event: 65.654 Thread 0x0000016835ed4960 flushing  nmethod 0x0000016822f1ad90
Event: 65.654 Thread 0x0000016835ed4960 flushing  nmethod 0x0000016822f4e790
Event: 65.654 Thread 0x0000016835ed4960 flushing  nmethod 0x0000016822f58590
Event: 65.654 Thread 0x0000016835ed4960 flushing  nmethod 0x0000016822f59f90
Event: 65.654 Thread 0x0000016835ed4960 flushing  nmethod 0x0000016822f6fd90

Events (20 events):
Event: 384.961 Thread 0x0000016801f86bc0 Thread exited: 0x0000016801f86bc0
Event: 384.962 Thread 0x0000016801f7fc30 Thread exited: 0x0000016801f7fc30
Event: 385.149 Thread 0x000001680ced6f40 Thread exited: 0x000001680ced6f40
Event: 385.312 Thread 0x000001680ced5b90 Thread exited: 0x000001680ced5b90
Event: 385.382 Thread 0x000001680ced6220 Thread exited: 0x000001680ced6220
Event: 385.436 Thread 0x0000016801f80fe0 Thread exited: 0x0000016801f80fe0
Event: 385.531 Thread 0x0000016801f83740 Thread exited: 0x0000016801f83740
Event: 385.599 Thread 0x000001680ced3ac0 Thread exited: 0x000001680ced3ac0
Event: 444.953 Thread 0x00000168019af170 Thread exited: 0x00000168019af170
Event: 445.599 Thread 0x000001680ced4150 Thread exited: 0x000001680ced4150
Event: 504.954 Thread 0x00000168019b1240 Thread exited: 0x00000168019b1240
Event: 505.600 Thread 0x000001687e26a260 Thread exited: 0x000001687e26a260
Event: 564.954 Thread 0x00000168019addc0 Thread exited: 0x00000168019addc0
Event: 565.600 Thread 0x00000168019ad730 Thread exited: 0x00000168019ad730
Event: 624.955 Thread 0x0000016801f84460 Thread exited: 0x0000016801f84460
Event: 625.601 Thread 0x000001680ced82f0 Thread exited: 0x000001680ced82f0
Event: 684.956 Thread 0x00000168019b25f0 Thread exited: 0x00000168019b25f0
Event: 685.601 Thread 0x00000168019aafd0 Thread exited: 0x00000168019aafd0
Event: 744.957 Thread 0x00000168019b0bb0 Thread exited: 0x00000168019b0bb0
Event: 804.957 Thread 0x00000168019b18d0 Thread exited: 0x00000168019b18d0


Dynamic libraries:
0x00007ff715a50000 - 0x00007ff715a5e000 	c:\Users\s2-ru\.vscode\extensions\redhat.java-1.45.0-win32-x64\jre\21.0.8-win32-x86_64\bin\java.exe
0x00007ffb43d60000 - 0x00007ffb43fc8000 	C:\WINDOWS\SYSTEM32\ntdll.dll
0x00007ffb42720000 - 0x00007ffb427e9000 	C:\WINDOWS\System32\KERNEL32.DLL
0x00007ffb41090000 - 0x00007ffb41482000 	C:\WINDOWS\System32\KERNELBASE.dll
0x00007ffb41530000 - 0x00007ffb4167b000 	C:\WINDOWS\System32\ucrtbase.dll
0x00007ffaf5570000 - 0x00007ffaf558e000 	c:\Users\s2-ru\.vscode\extensions\redhat.java-1.45.0-win32-x64\jre\21.0.8-win32-x86_64\bin\VCRUNTIME140.dll
0x00007ffaf2b70000 - 0x00007ffaf2b88000 	c:\Users\s2-ru\.vscode\extensions\redhat.java-1.45.0-win32-x64\jre\21.0.8-win32-x86_64\bin\jli.dll
0x00007ffb43470000 - 0x00007ffb43635000 	C:\WINDOWS\System32\USER32.dll
0x00007ffb29d70000 - 0x00007ffb2a003000 	C:\WINDOWS\WinSxS\amd64_microsoft.windows.common-controls_6595b64144ccf1df_6.0.26100.6725_none_3e085828e334708b\COMCTL32.dll
0x00007ffb40ef0000 - 0x00007ffb40f17000 	C:\WINDOWS\System32\win32u.dll
0x00007ffb439c0000 - 0x00007ffb43a69000 	C:\WINDOWS\System32\msvcrt.dll
0x00007ffb42300000 - 0x00007ffb4232b000 	C:\WINDOWS\System32\GDI32.dll
0x00007ffb41940000 - 0x00007ffb41a6d000 	C:\WINDOWS\System32\gdi32full.dll
0x00007ffb41890000 - 0x00007ffb41933000 	C:\WINDOWS\System32\msvcp_win.dll
0x00007ffb41bd0000 - 0x00007ffb41bff000 	C:\WINDOWS\System32\IMM32.DLL
0x00007ffb2a0c0000 - 0x00007ffb2a0cc000 	c:\Users\s2-ru\.vscode\extensions\redhat.java-1.45.0-win32-x64\jre\21.0.8-win32-x86_64\bin\vcruntime140_1.dll
0x00007ffadb090000 - 0x00007ffadb11d000 	c:\Users\s2-ru\.vscode\extensions\redhat.java-1.45.0-win32-x64\jre\21.0.8-win32-x86_64\bin\msvcp140.dll
0x00007ffa807d0000 - 0x00007ffa81567000 	c:\Users\s2-ru\.vscode\extensions\redhat.java-1.45.0-win32-x64\jre\21.0.8-win32-x86_64\bin\server\jvm.dll
0x00007ffb42f40000 - 0x00007ffb42ff4000 	C:\WINDOWS\System32\ADVAPI32.dll
0x00007ffb433c0000 - 0x00007ffb43466000 	C:\WINDOWS\System32\sechost.dll
0x00007ffb42600000 - 0x00007ffb42718000 	C:\WINDOWS\System32\RPCRT4.dll
0x00007ffb43bb0000 - 0x00007ffb43c24000 	C:\WINDOWS\System32\WS2_32.dll
0x00007ffb40d50000 - 0x00007ffb40dae000 	C:\WINDOWS\SYSTEM32\POWRPROF.dll
0x00007ffb3a0d0000 - 0x00007ffb3a105000 	C:\WINDOWS\SYSTEM32\WINMM.dll
0x00007ffb3f810000 - 0x00007ffb3f81b000 	C:\WINDOWS\SYSTEM32\VERSION.dll
0x00007ffb40d30000 - 0x00007ffb40d44000 	C:\WINDOWS\SYSTEM32\UMPDC.dll
0x00007ffb3fc80000 - 0x00007ffb3fc9b000 	C:\WINDOWS\SYSTEM32\kernel.appcore.dll
0x00007ffb1d1f0000 - 0x00007ffb1d1fa000 	c:\Users\s2-ru\.vscode\extensions\redhat.java-1.45.0-win32-x64\jre\21.0.8-win32-x86_64\bin\jimage.dll
0x00007ffb3e490000 - 0x00007ffb3e6d2000 	C:\WINDOWS\SYSTEM32\DBGHELP.DLL
0x00007ffb43640000 - 0x00007ffb439bb000 	C:\WINDOWS\System32\combase.dll
0x00007ffb42520000 - 0x00007ffb425f7000 	C:\WINDOWS\System32\OLEAUT32.dll
0x00007ffb241c0000 - 0x00007ffb241fc000 	C:\WINDOWS\SYSTEM32\dbgcore.DLL
0x00007ffb41490000 - 0x00007ffb41528000 	C:\WINDOWS\System32\bcryptPrimitives.dll
0x00007ffb1cf80000 - 0x00007ffb1cf8f000 	c:\Users\s2-ru\.vscode\extensions\redhat.java-1.45.0-win32-x64\jre\21.0.8-win32-x86_64\bin\instrument.dll
0x00007ffadc440000 - 0x00007ffadc45f000 	c:\Users\s2-ru\.vscode\extensions\redhat.java-1.45.0-win32-x64\jre\21.0.8-win32-x86_64\bin\java.dll
0x00007ffb427f0000 - 0x00007ffb42f3c000 	C:\WINDOWS\System32\SHELL32.dll
0x00007ffb40f20000 - 0x00007ffb4108b000 	C:\WINDOWS\System32\wintypes.dll
0x00007ffb3e870000 - 0x00007ffb3f0cd000 	C:\WINDOWS\SYSTEM32\windows.storage.dll
0x00007ffb43aa0000 - 0x00007ffb43b92000 	C:\WINDOWS\System32\SHCORE.dll
0x00007ffb41db0000 - 0x00007ffb41e12000 	C:\WINDOWS\System32\shlwapi.dll
0x00007ffb40e10000 - 0x00007ffb40e39000 	C:\WINDOWS\SYSTEM32\profapi.dll
0x00007ffaf2b50000 - 0x00007ffaf2b68000 	c:\Users\s2-ru\.vscode\extensions\redhat.java-1.45.0-win32-x64\jre\21.0.8-win32-x86_64\bin\zip.dll
0x00007ffb1cf20000 - 0x00007ffb1cf30000 	C:\Users\s2-ru\.vscode\extensions\redhat.java-1.45.0-win32-x64\jre\21.0.8-win32-x86_64\bin\net.dll
0x00007ffb3aa50000 - 0x00007ffb3ab6f000 	C:\WINDOWS\SYSTEM32\WINHTTP.dll
0x00007ffb401d0000 - 0x00007ffb4023b000 	C:\WINDOWS\system32\mswsock.dll
0x00007ffadc220000 - 0x00007ffadc236000 	C:\Users\s2-ru\.vscode\extensions\redhat.java-1.45.0-win32-x64\jre\21.0.8-win32-x86_64\bin\nio.dll
0x00007ffb1ce00000 - 0x00007ffb1ce10000 	c:\Users\s2-ru\.vscode\extensions\redhat.java-1.45.0-win32-x64\jre\21.0.8-win32-x86_64\bin\verify.dll
0x00007ffada5e0000 - 0x00007ffada624000 	C:\Users\s2-ru\AppData\Roaming\Code\User\globalStorage\redhat.java\1.45.0\config_win\org.eclipse.equinox.launcher\org.eclipse.equinox.launcher.win32.win32.x86_64_1.2.1400.v20250801-0854\eclipse_11916.dll
0x00007ffb430c0000 - 0x00007ffb43258000 	C:\WINDOWS\System32\ole32.dll
0x00007ffb1c910000 - 0x00007ffb1c91a000 	C:\Users\s2-ru\.vscode\extensions\redhat.java-1.45.0-win32-x64\jre\21.0.8-win32-x86_64\bin\management.dll
0x00007ffb1bd10000 - 0x00007ffb1bd1b000 	C:\Users\s2-ru\.vscode\extensions\redhat.java-1.45.0-win32-x64\jre\21.0.8-win32-x86_64\bin\management_ext.dll
0x00007ffb41b30000 - 0x00007ffb41b38000 	C:\WINDOWS\System32\PSAPI.DLL
0x00007ffb405b0000 - 0x00007ffb405cb000 	C:\WINDOWS\SYSTEM32\CRYPTSP.dll
0x00007ffb3fbe0000 - 0x00007ffb3fc1b000 	C:\WINDOWS\system32\rsaenh.dll
0x00007ffb40270000 - 0x00007ffb4029b000 	C:\WINDOWS\SYSTEM32\USERENV.dll
0x00007ffb40de0000 - 0x00007ffb40e06000 	C:\WINDOWS\SYSTEM32\bcrypt.dll
0x00007ffb40410000 - 0x00007ffb4041c000 	C:\WINDOWS\SYSTEM32\CRYPTBASE.dll
0x00007ffb3f3c0000 - 0x00007ffb3f3f4000 	C:\WINDOWS\SYSTEM32\IPHLPAPI.DLL
0x00007ffb41b40000 - 0x00007ffb41b4a000 	C:\WINDOWS\System32\NSI.dll
0x00007ffad98b0000 - 0x00007ffad98f9000 	C:\Users\s2-ru\AppData\Local\Temp\jna-107741361\jna736650266860351057.dll
0x00007ffb3b3a0000 - 0x00007ffb3b3be000 	C:\WINDOWS\SYSTEM32\dhcpcsvc6.DLL
0x00007ffb3b370000 - 0x00007ffb3b393000 	C:\WINDOWS\SYSTEM32\dhcpcsvc.DLL
0x00007ffb1b5a0000 - 0x00007ffb1b5ae000 	C:\Users\s2-ru\.vscode\extensions\redhat.java-1.45.0-win32-x64\jre\21.0.8-win32-x86_64\bin\sunmscapi.dll
0x00007ffb41710000 - 0x00007ffb41887000 	C:\WINDOWS\System32\CRYPT32.dll
0x00007ffb40700000 - 0x00007ffb40730000 	C:\WINDOWS\SYSTEM32\ncrypt.dll
0x00007ffb406b0000 - 0x00007ffb406ef000 	C:\WINDOWS\SYSTEM32\NTASN1.dll
0x00007ffb3f450000 - 0x00007ffb3f576000 	C:\WINDOWS\SYSTEM32\DNSAPI.dll
0x00007ffb3a870000 - 0x00007ffb3a87b000 	C:\Windows\System32\rasadhlp.dll
0x00007ffb3b450000 - 0x00007ffb3b4d6000 	C:\WINDOWS\System32\fwpuclnt.dll
0x00007ffb19b80000 - 0x00007ffb19b89000 	C:\Users\s2-ru\.vscode\extensions\redhat.java-1.45.0-win32-x64\jre\21.0.8-win32-x86_64\bin\extnet.dll
0x00007ffaf2b90000 - 0x00007ffaf2bb7000 	C:\Users\s2-ru\.gradle\native\c067742578af261105cb4f569cf0c3c89f3d7b1fecec35dd04571415982c5e48\windows-amd64\native-platform.dll
0x00007ffb0d1e0000 - 0x00007ffb0d1e8000 	C:\WINDOWS\system32\wshunix.dll

JVMTI agents:
c:\Users\s2-ru\.vscode\extensions\redhat.java-1.45.0-win32-x64\lombok\lombok-1.18.39-4050.jar path:c:\Users\s2-ru\.vscode\extensions\redhat.java-1.45.0-win32-x64\jre\21.0.8-win32-x86_64\bin\instrument.dll, loaded, initialized, instrumentlib options:none

dbghelp: loaded successfully - version: 4.0.5 - missing functions: none
symbol engine: initialized successfully - sym options: 0x614 - pdb path: .;c:\Users\s2-ru\.vscode\extensions\redhat.java-1.45.0-win32-x64\jre\21.0.8-win32-x86_64\bin;C:\WINDOWS\SYSTEM32;C:\WINDOWS\WinSxS\amd64_microsoft.windows.common-controls_6595b64144ccf1df_6.0.26100.6725_none_3e085828e334708b;c:\Users\s2-ru\.vscode\extensions\redhat.java-1.45.0-win32-x64\jre\21.0.8-win32-x86_64\bin\server;C:\Users\s2-ru\AppData\Roaming\Code\User\globalStorage\redhat.java\1.45.0\config_win\org.eclipse.equinox.launcher\org.eclipse.equinox.launcher.win32.win32.x86_64_1.2.1400.v20250801-0854;C:\Users\s2-ru\AppData\Local\Temp\jna-107741361;C:\Users\s2-ru\.gradle\native\c067742578af261105cb4f569cf0c3c89f3d7b1fecec35dd04571415982c5e48\windows-amd64

VM Arguments:
jvm_args: --add-modules=ALL-SYSTEM --add-opens=java.base/java.util=ALL-UNNAMED --add-opens=java.base/java.lang=ALL-UNNAMED --add-opens=java.base/sun.nio.fs=ALL-UNNAMED -Declipse.application=org.eclipse.jdt.ls.core.id1 -Dosgi.bundles.defaultStartLevel=4 -Declipse.product=org.eclipse.jdt.ls.core.product -Djava.import.generatesMetadataFilesAtProjectRoot=false -DDetectVMInstallationsJob.disabled=true -Dfile.encoding=utf8 -XX:+UseParallelGC -XX:GCTimeRatio=4 -XX:AdaptiveSizePolicyWeight=90 -Dsun.zip.disableMemoryMapping=true -Xmx2G -Xms100m -Xlog:disable -javaagent:c:\Users\s2-ru\.vscode\extensions\redhat.java-1.45.0-win32-x64\lombok\lombok-1.18.39-4050.jar -XX:+HeapDumpOnOutOfMemoryError -XX:HeapDumpPath=c:\Users\s2-ru\AppData\Roaming\Code\User\workspaceStorage\b1e36fc7d182abd2959ca145cc9838a0\redhat.java -Daether.dependencyCollector.impl=bf 
java_command: c:\Users\s2-ru\.vscode\extensions\redhat.java-1.45.0-win32-x64\server\plugins\org.eclipse.equinox.launcher_1.7.0.v20250519-0528.jar -configuration c:\Users\s2-ru\AppData\Roaming\Code\User\globalStorage\redhat.java\1.45.0\config_win -data c:\Users\s2-ru\AppData\Roaming\Code\User\workspaceStorage\b1e36fc7d182abd2959ca145cc9838a0\redhat.java\jdt_ws --pipe=\\.\pipe\lsp-4d52c32eaeeea4be828133e35df2e110-sock
java_class_path (initial): c:\Users\s2-ru\.vscode\extensions\redhat.java-1.45.0-win32-x64\server\plugins\org.eclipse.equinox.launcher_1.7.0.v20250519-0528.jar
Launcher Type: SUN_STANDARD

[Global flags]
    uintx AdaptiveSizePolicyWeight                 = 90                                        {product} {command line}
     intx CICompilerCount                          = 4                                         {product} {ergonomic}
    uintx GCTimeRatio                              = 4                                         {product} {command line}
     bool HeapDumpOnOutOfMemoryError               = true                                   {manageable} {command line}
    ccstr HeapDumpPath                             = c:\Users\s2-ru\AppData\Roaming\Code\User\workspaceStorage\b1e36fc7d182abd2959ca145cc9838a0\redhat.java         {manageable} {command line}
   size_t InitialHeapSize                          = 104857600                                 {product} {command line}
   size_t MaxHeapSize                              = 2147483648                                {product} {command line}
   size_t MaxNewSize                               = 715653120                                 {product} {ergonomic}
   size_t MinHeapDeltaBytes                        = 524288                                    {product} {ergonomic}
   size_t MinHeapSize                              = 104857600                                 {product} {command line}
   size_t NewSize                                  = 34603008                                  {product} {ergonomic}
    uintx NonNMethodCodeHeapSize                   = 5839372                                {pd product} {ergonomic}
    uintx NonProfiledCodeHeapSize                  = 122909434                              {pd product} {ergonomic}
   size_t OldSize                                  = 70254592                                  {product} {ergonomic}
    uintx ProfiledCodeHeapSize                     = 122909434                              {pd product} {ergonomic}
    uintx ReservedCodeCacheSize                    = 251658240                              {pd product} {ergonomic}
     bool SegmentedCodeCache                       = true                                      {product} {ergonomic}
   size_t SoftMaxHeapSize                          = 2147483648                             {manageable} {ergonomic}
     bool UseCompressedOops                        = true                           {product lp64_product} {ergonomic}
     bool UseLargePagesIndividualAllocation        = false                                  {pd product} {ergonomic}
     bool UseParallelGC                            = true                                      {product} {command line}

Logging:
Log output configuration:
 #0: stdout all=off uptime,level,tags foldmultilines=false
 #1: stderr all=off uptime,level,tags foldmultilines=false

Environment Variables:
JAVA_HOME=C:\Program Files\Java\jdk-21
PATH=C:\Python312\Scripts\;C:\Python312\;C:\MinGW\bin;C:\WINDOWS\system32;C:\WINDOWS;C:\WINDOWS\System32\Wbem;C:\WINDOWS\System32\WindowsPowerShell\v1.0\;C:\WINDOWS\System32\OpenSSH\;C:\Program Files (x86)\Symantec\VIP Access Client\;C:\MinGW\bin;C:\texlive\2023\bin;C:\texlive\2023\bin\windows;C:\Program Files\Microsoft SQL Server\150\Tools\Binn\;C:\Program Files\Microsoft SQL Server\Client SDK\ODBC\170\Tools\Binn\;C:\Program Files\dotnet\;C:\Program Files\nodejs\;C:\ProgramData\chocolatey\bin;C:\Program Files (x86)\SMLNJ\bin\;C:\Program Files\PowerShell\7\;C:\Program Files\Git\cmd;C:\Program Files\Java\jdk-21\bin;C:\Users\s2-ru\AppData\Local\Microsoft\WindowsApps;C:\Users\s2-ru\AppData\Local\Programs\Microsoft VS Code\bin;C:\Users\s2-ru\.dotnet\tools;C:\Program Files\MySQL\MySQL Server 8.3\bin\;C:\Users\s2-ru\AppData\Roaming\npm;C:\Program Files\heroku\bin;C:\texlive\2024\bin\windows;C:\flutter\bin;C:\msys64\ucrt64\bin;
USERNAME=s2-ru
OS=Windows_NT
PROCESSOR_IDENTIFIER=Intel64 Family 6 Model 154 Stepping 4, GenuineIntel
TMP=C:\Users\s2-ru\AppData\Local\Temp
TEMP=C:\Users\s2-ru\AppData\Local\Temp




Periodic native trim disabled

---------------  S Y S T E M  ---------------

OS:
 Windows 11 , 64 bit Build 26100 (10.0.26100.6725)
OS uptime: 4 days 23:57 hours
Hyper-V role detected

CPU: total 12 (initial active 12) (6 cores per cpu, 2 threads per core) family 6 model 154 stepping 4 microcode 0x423, cx8, cmov, fxsr, ht, mmx, 3dnowpref, sse, sse2, sse3, ssse3, sse4.1, sse4.2, popcnt, lzcnt, tsc, tscinvbit, avx, avx2, aes, erms, clmul, bmi1, bmi2, adx, sha, fma, vzeroupper, clflush, clflushopt, clwb, hv, serialize, rdtscp, rdpid, fsrm, f16c, cet_ibt, cet_ss
Processor Information for the first 12 processors :
  Max Mhz: 1300, Current Mhz: 1300, Mhz Limit: 1300

Memory: 4k page, system-wide physical 16055M (1064M free)
TotalPageFile size 28162M (AvailPageFile size 145M)
current process WorkingSet (physical memory assigned to process): 45M, peak: 940M
current process commit charge ("private bytes"): 881M, peak: 902M

vm_info: OpenJDK 64-Bit Server VM (21.0.8+9-LTS) for windows-amd64 JRE (21.0.8+9-LTS), built on 2025-07-15T00:00:00Z by "admin" with MS VC++ 17.7 (VS2022)

END.
